<html>
<body>
<pre>
<h1>µVision Build Log</h1>
<h2>Tool Versions:</h2>
IDE-Version: µVision V5.26.2.0
Copyright (C) 2018 ARM Ltd and ARM Germany GmbH. All rights reserved.
License Information: Andrei Gridin, My, LIC=DSNRA-1I9SC-ULICE-5T3SX-NX0RX-S0UUT
 
Tool Versions:
Toolchain:       MDK-ARM Professional  Version: 5.26.2.0
Toolchain Path:  C:\Keil_v5\ARM\ARMCC\Bin
C Compiler:      Armcc.exe V5.06 update 6 (build 750)
Assembler:       Armasm.exe V5.06 update 6 (build 750)
Linker/Locator:  ArmLink.exe V5.06 update 6 (build 750)
Library Manager: ArmAr.exe V5.06 update 6 (build 750)
Hex Converter:   FromElf.exe V5.06 update 6 (build 750)
CPU DLL:         SARMCM3.DLL V5.26.2.0
Dialog DLL:      DARMCM1.DLL V1.19.1.0
Target DLL:      STLink\ST-LINKIII-KEIL_SWO.dll V3.0.5.0
Dialog DLL:      TARMCM1.DLL V1.14.0.0
 
<h2>Project:</h2>
D:\Ýëåêòðîíèêà\Projects\Programs\Voltage Relay_sens_-_rev1.0\MDK-ARM\Voltage Relay_sens.uvprojx
Project File Date:  10/15/2018

<h2>Output:</h2>
*** Using Compiler 'V5.06 update 6 (build 750)', folder: 'C:\Keil_v5\ARM\ARMCC\Bin'
Rebuild target 'Voltage Relay_sens'
compiling stm32f0xx_hal_pwr_ex.c...
compiling stm32f0xx_hal_cortex.c...
compiling stm32f0xx_hal_tsc.c...
compiling stm32f0xx_hal_flash_ex.c...
compiling stm32f0xx_hal_dma.c...
compiling stm32f0xx_hal_tim_ex.c...
compiling stm32f0xx_hal_i2c.c...
compiling stm32f0xx_hal_adc_ex.c...
compiling stm32f0xx_hal.c...
compiling stm32f0xx_hal_pwr.c...
compiling stm32f0xx_hal_rcc_ex.c...
compiling stm32f0xx_hal_adc.c...
../Drivers/STM32F0xx_HAL_Driver/Src/stm32f0xx_hal_adc.c(2144): warning:  #177-D: function "ADC_DMAHalfConvCplt"  was declared but never referenced
  static void ADC_DMAHalfConvCplt(DMA_HandleTypeDef *hdma)   
../Drivers/STM32F0xx_HAL_Driver/Src/stm32f0xx_hal_adc.c: 1 warning, 0 errors
compiling stm32f0xx_hal_rcc.c...
compiling stm32f0xx_hal_i2c_ex.c...
compiling system_stm32f0xx.c...
compiling stm32f0xx_hal_flash.c...
compiling stm32f0xx_hal_gpio.c...
compiling help.cpp...
compiling tsl_user.c...
compiling Screen.cpp...
compiling stm32f0xx_hal_tim.c...
compiling stm32f0xx_hal_msp.c...
compiling keyboard.cpp...
compiling eeprom.c...
compiling voltage_acq.cpp...
compiling stm32f0xx_it.c...
compiling eeprom_user.cpp...
compiling observer.cpp...
compiling arm_fir_f32.c...
compiling voltage_relay.cpp...
compiling main_state_machine.cpp...
assembling startup_stm32f071xb.s...
compiling arm_fir_init_f32.c...
compiling alarms_events.cpp...
compiling tsl.c...
compiling main.c...
compiling tsl_acq_stm32f0xx.c...
compiling tsl_acq.c...
compiling tsl_dxs.c...
compiling tsl_ecs.c...
compiling menu.cpp...
compiling tsl_globals.c...
compiling tsl_filter.c...
compiling tsl_time_stm32f0xx.c...
compiling tsl_object.c...
compiling tsl_time.c...
compiling tsl_linrot.c...
compiling tsl_touchkey.c...
linking...
Program Size: Code=22892 RO-data=1068 RW-data=644 ZI-data=4348  
FromELF: creating hex file...
"Voltage Relay_sens\Voltage Relay_sens.axf" - 0 Error(s), 1 Warning(s).

<h2>Software Packages used:</h2>

Package Vendor: ARM
                http://www.keil.com/pack/ARM.CMSIS.5.4.0.pack
                ARM.CMSIS.5.4.0
                CMSIS (Cortex Microcontroller Software Interface Standard)
   * Component: CORE Version: 5.1.2

Package Vendor: Keil
                http://www.keil.com/pack/Keil.STM32F0xx_DFP.2.0.0.pack
                Keil.STM32F0xx_DFP.2.0.0
                STMicroelectronics STM32F0 Series Device Support, Drivers and Examples
   * Component: Startup Version: 2.3.3

<h2>Collection of Component include folders:</h2>
  .\RTE\_Voltage_Relay_sens
  C:\Keil_v5\ARM\PACK\ARM\CMSIS\5.4.0\CMSIS\Core\Include
  C:\Keil_v5\ARM\PACK\Keil\STM32F0xx_DFP\2.0.0\Drivers\CMSIS\Device\ST\STM32F0xx\Include

<h2>Collection of Component Files used:</h2>

   * Component: ARM::CMSIS:CORE:5.1.2

   * Component: Keil.STM32CubeMX::Device:Startup:2.3.3
      Source file:   MDK\Device\Source\ARM\STM32F0xx_OPT.s
Build Time Elapsed:  00:00:07
</pre>
</body>
</html>
