Component: ARM Compiler 5.06 update 6 (build 750) Tool: armlink [4d35ed]

==============================================================================

Section Cross References

    stm32f0xx_hal_i2c.o(i.HAL_I2C_DeInit) refers to stm32f0xx_hal_i2c.o(i.HAL_I2C_MspDeInit) for HAL_I2C_MspDeInit
    stm32f0xx_hal_i2c.o(i.HAL_I2C_DisableListen_IT) refers to stm32f0xx_hal_i2c.o(i._ZN41_INTERNAL_19_stm32f0xx_hal_i2c_c_0eb271f415I2C_Disable_IRQEP19__I2C_HandleTypeDeft) for [local to stm32f0xx_hal_i2c_c]::I2C_Disable_IRQ(__I2C_HandleTypeDef*, unsigned short)
    stm32f0xx_hal_i2c.o(i.HAL_I2C_ER_IRQHandler) refers to stm32f0xx_hal_i2c.o(i._ZN41_INTERNAL_19_stm32f0xx_hal_i2c_c_0eb271f411I2C_ITErrorEP19__I2C_HandleTypeDefj) for [local to stm32f0xx_hal_i2c_c]::I2C_ITError(__I2C_HandleTypeDef*, unsigned)
    stm32f0xx_hal_i2c.o(i.HAL_I2C_EnableListen_IT) refers to stm32f0xx_hal_i2c.o(i._ZN41_INTERNAL_19_stm32f0xx_hal_i2c_c_0eb271f414I2C_Enable_IRQEP19__I2C_HandleTypeDeft) for [local to stm32f0xx_hal_i2c_c]::I2C_Enable_IRQ(__I2C_HandleTypeDef*, unsigned short)
    stm32f0xx_hal_i2c.o(i.HAL_I2C_EnableListen_IT) refers to stm32f0xx_hal_i2c.o(i._ZN41_INTERNAL_19_stm32f0xx_hal_i2c_c_0eb271f416I2C_Slave_ISR_ITEP19__I2C_HandleTypeDefjj) for [local to stm32f0xx_hal_i2c_c]::I2C_Slave_ISR_IT(__I2C_HandleTypeDef*, unsigned, unsigned)
    stm32f0xx_hal_i2c.o(i.HAL_I2C_Init) refers to stm32f0xx_hal_i2c.o(i.HAL_I2C_MspInit) for HAL_I2C_MspInit
    stm32f0xx_hal_i2c.o(i.HAL_I2C_IsDeviceReady) refers to stm32f0xx_hal.o(i.HAL_GetTick) for HAL_GetTick
    stm32f0xx_hal_i2c.o(i.HAL_I2C_IsDeviceReady) refers to stm32f0xx_hal_i2c.o(i._ZN41_INTERNAL_19_stm32f0xx_hal_i2c_c_0eb271f426I2C_WaitOnFlagUntilTimeoutEP19__I2C_HandleTypeDefj10FlagStatusjj) for [local to stm32f0xx_hal_i2c_c]::I2C_WaitOnFlagUntilTimeout(__I2C_HandleTypeDef*, unsigned, FlagStatus, unsigned, unsigned)
    stm32f0xx_hal_i2c.o(i.HAL_I2C_Master_Abort_IT) refers to stm32f0xx_hal_i2c.o(i._ZN41_INTERNAL_19_stm32f0xx_hal_i2c_c_0eb271f415I2C_Disable_IRQEP19__I2C_HandleTypeDeft) for [local to stm32f0xx_hal_i2c_c]::I2C_Disable_IRQ(__I2C_HandleTypeDef*, unsigned short)
    stm32f0xx_hal_i2c.o(i.HAL_I2C_Master_Abort_IT) refers to stm32f0xx_hal_i2c.o(i._ZN41_INTERNAL_19_stm32f0xx_hal_i2c_c_0eb271f418I2C_TransferConfigEP19__I2C_HandleTypeDefthjj) for [local to stm32f0xx_hal_i2c_c]::I2C_TransferConfig(__I2C_HandleTypeDef*, unsigned short, unsigned char, unsigned, unsigned)
    stm32f0xx_hal_i2c.o(i.HAL_I2C_Master_Abort_IT) refers to stm32f0xx_hal_i2c.o(i._ZN41_INTERNAL_19_stm32f0xx_hal_i2c_c_0eb271f414I2C_Enable_IRQEP19__I2C_HandleTypeDeft) for [local to stm32f0xx_hal_i2c_c]::I2C_Enable_IRQ(__I2C_HandleTypeDef*, unsigned short)
    stm32f0xx_hal_i2c.o(i.HAL_I2C_Master_Receive) refers to stm32f0xx_hal.o(i.HAL_GetTick) for HAL_GetTick
    stm32f0xx_hal_i2c.o(i.HAL_I2C_Master_Receive) refers to stm32f0xx_hal_i2c.o(i._ZN41_INTERNAL_19_stm32f0xx_hal_i2c_c_0eb271f426I2C_WaitOnFlagUntilTimeoutEP19__I2C_HandleTypeDefj10FlagStatusjj) for [local to stm32f0xx_hal_i2c_c]::I2C_WaitOnFlagUntilTimeout(__I2C_HandleTypeDef*, unsigned, FlagStatus, unsigned, unsigned)
    stm32f0xx_hal_i2c.o(i.HAL_I2C_Master_Receive) refers to stm32f0xx_hal_i2c.o(i._ZN41_INTERNAL_19_stm32f0xx_hal_i2c_c_0eb271f418I2C_TransferConfigEP19__I2C_HandleTypeDefthjj) for [local to stm32f0xx_hal_i2c_c]::I2C_TransferConfig(__I2C_HandleTypeDef*, unsigned short, unsigned char, unsigned, unsigned)
    stm32f0xx_hal_i2c.o(i.HAL_I2C_Master_Receive) refers to stm32f0xx_hal_i2c.o(i._ZN41_INTERNAL_19_stm32f0xx_hal_i2c_c_0eb271f430I2C_WaitOnRXNEFlagUntilTimeoutEP19__I2C_HandleTypeDefjj) for [local to stm32f0xx_hal_i2c_c]::I2C_WaitOnRXNEFlagUntilTimeout(__I2C_HandleTypeDef*, unsigned, unsigned)
    stm32f0xx_hal_i2c.o(i.HAL_I2C_Master_Receive) refers to stm32f0xx_hal_i2c.o(i._ZN41_INTERNAL_19_stm32f0xx_hal_i2c_c_0eb271f430I2C_WaitOnSTOPFlagUntilTimeoutEP19__I2C_HandleTypeDefjj) for [local to stm32f0xx_hal_i2c_c]::I2C_WaitOnSTOPFlagUntilTimeout(__I2C_HandleTypeDef*, unsigned, unsigned)
    stm32f0xx_hal_i2c.o(i.HAL_I2C_Master_Receive_DMA) refers to stm32f0xx_hal_dma.o(i.HAL_DMA_Start_IT) for HAL_DMA_Start_IT
    stm32f0xx_hal_i2c.o(i.HAL_I2C_Master_Receive_DMA) refers to stm32f0xx_hal_i2c.o(i._ZN41_INTERNAL_19_stm32f0xx_hal_i2c_c_0eb271f418I2C_TransferConfigEP19__I2C_HandleTypeDefthjj) for [local to stm32f0xx_hal_i2c_c]::I2C_TransferConfig(__I2C_HandleTypeDef*, unsigned short, unsigned char, unsigned, unsigned)
    stm32f0xx_hal_i2c.o(i.HAL_I2C_Master_Receive_DMA) refers to stm32f0xx_hal_i2c.o(i._ZN41_INTERNAL_19_stm32f0xx_hal_i2c_c_0eb271f414I2C_Enable_IRQEP19__I2C_HandleTypeDeft) for [local to stm32f0xx_hal_i2c_c]::I2C_Enable_IRQ(__I2C_HandleTypeDef*, unsigned short)
    stm32f0xx_hal_i2c.o(i.HAL_I2C_Master_Receive_DMA) refers to stm32f0xx_hal_i2c.o(i._ZN41_INTERNAL_19_stm32f0xx_hal_i2c_c_0eb271f418I2C_Master_ISR_DMAEP19__I2C_HandleTypeDefjj) for [local to stm32f0xx_hal_i2c_c]::I2C_Master_ISR_DMA(__I2C_HandleTypeDef*, unsigned, unsigned)
[...]
    TSL_acq_BankConfig(unsigned char)        0x08002fe5   Thumb Code    86  tsl_acq_stm32f0xx.o(i._Z18TSL_acq_BankConfigh)
    TSL_acq_CheckNoise()                     0x08003045   Thumb Code     4  tsl_acq_stm32f0xx.o(i._Z18TSL_acq_CheckNoisev)
    Write_Default_Data(Flash_Data*)          0x08003049   Thumb Code    38  eeprom_user.o(i._Z18Write_Default_DataP10Flash_Data)
    TSL_acq_ComputeMeas(unsigned short, short) 0x08003079   Thumb Code     6  tsl_acq_stm32f0xx.o(i._Z19TSL_acq_ComputeMeasts)
    TSL_acq_BankStartAcq()                   0x08003081   Thumb Code    28  tsl_acq_stm32f0xx.o(i._Z20TSL_acq_BankStartAcqv)
    TSL_acq_ComputeDelta(unsigned short, unsigned short) 0x080030a9   Thumb Code     6  tsl_acq_stm32f0xx.o(i._Z20TSL_acq_ComputeDeltatt)
    TSL_obj_GroupProcess(TSL_ObjectGroup_T*) 0x080030b1   Thumb Code    86  tsl_object.o(i._Z20TSL_obj_GroupProcessP17TSL_ObjectGroup_T)
    TSL_obj_SetGlobalObj(const TSL_Object_T*) 0x0800310d   Thumb Code    20  tsl_object.o(i._Z20TSL_obj_SetGlobalObjPK12TSL_Object_T)
    TSL_acq_BankGetResult(unsigned char, unsigned short(*)(unsigned short, unsigned short), short(*)(short)) 0x08003125   Thumb Code   296  tsl_acq.o(i._Z21TSL_acq_BankGetResulthPFtttEPFssE)
    TSL_tim_CheckDelay_ms(unsigned short, volatile unsigned short*) 0x08003255   Thumb Code    80  tsl_time.o(i._Z21TSL_tim_CheckDelay_mstPVt)
    TSL_tkey_GetStateMask()                  0x080032ad   Thumb Code    26  tsl_touchkey.o(i._Z21TSL_tkey_GetStateMaskv)
    TSL_user_SetThresholds()                 0x080032cd   Thumb Code    18  tsl_user.o(i._Z22TSL_user_SetThresholdsv)
    MyTKeys_OffStateProcess()                0x080032e5   Thumb Code     2  tsl_user.o(i._Z23MyTKeys_OffStateProcessv)
    MyTKeys_ErrorStateProcess()              0x080032e9   Thumb Code    14  tsl_user.o(i._Z25MyTKeys_ErrorStateProcessv)
    TSL_tkey_ProxStateProcess()              0x080032fd   Thumb Code   104  tsl_touchkey.o(i._Z25TSL_tkey_ProxStateProcessv)
    TSL_tkey_TouchStateProcess()             0x08003369   Thumb Code   104  tsl_touchkey.o(i._Z26TSL_tkey_TouchStateProcessv)
    TSL_tkey_DetectStateProcess()            0x080033d5   Thumb Code   104  tsl_touchkey.o(i._Z27TSL_tkey_DetectStateProcessv)
    TSL_tkey_DebProxStateProcess()           0x08003441   Thumb Code    94  tsl_touchkey.o(i._Z28TSL_tkey_DebProxStateProcessv)
    TSL_tkey_ReleaseStateProcess()           0x080034a5   Thumb Code   140  tsl_touchkey.o(i._Z28TSL_tkey_ReleaseStateProcessv)
    TSL_tkey_SetStateCalibration(unsigned char) 0x08003535   Thumb Code    86  tsl_touchkey.o(i._Z28TSL_tkey_SetStateCalibrationh)
    TSL_tkey_DebErrorStateProcess()          0x08003599   Thumb Code    96  tsl_touchkey.o(i._Z29TSL_tkey_DebErrorStateProcessv)
    TSL_tkey_DebDetectStateProcess()         0x080035fd   Thumb Code    94  tsl_touchkey.o(i._Z30TSL_tkey_DebDetectStateProcessv)
    TSL_acq_TestReferenceOutOfRange(TSL_ChannelData_T*) 0x08003661   Thumb Code     4  tsl_acq_stm32f0xx.o(i._Z31TSL_acq_TestReferenceOutOfRangeP17TSL_ChannelData_T)
    TSL_tkey_CalibrationStateProcess()       0x08003665   Thumb Code   164  tsl_touchkey.o(i._Z32TSL_tkey_CalibrationStateProcessv)
    TSL_acq_TestFirstReferenceIsValid(TSL_ChannelData_T*, unsigned short) 0x08003715   Thumb Code     4  tsl_acq_stm32f0xx.o(i._Z33TSL_acq_TestFirstReferenceIsValidP17TSL_ChannelData_Tt)
    TSL_tkey_DebProxTouchStateProcess()      0x08003719   Thumb Code    94  tsl_touchkey.o(i._Z33TSL_tkey_DebProxTouchStateProcessv)
    TSL_tkey_DebProxDetectStateProcess()     0x0800377d   Thumb Code    94  tsl_touchkey.o(i._Z34TSL_tkey_DebProxDetectStateProcessv)
    TSL_tkey_DebCalibrationStateProcess()    0x080037e1   Thumb Code    66  tsl_touchkey.o(i._Z35TSL_tkey_DebCalibrationStateProcessv)
    TSL_tkey_DebReleaseProxStateProcess()    0x08003829   Thumb Code    66  tsl_touchkey.o(i._Z35TSL_tkey_DebReleaseProxStateProcessv)
    TSL_tkey_DebReleaseTouchStateProcess()   0x08003871   Thumb Code    78  tsl_touchkey.o(i._Z36TSL_tkey_DebReleaseTouchStateProcessv)
    TSL_tkey_DebReleaseDetectStateProcess()  0x080038c5   Thumb Code    78  tsl_touchkey.o(i._Z37TSL_tkey_DebReleaseDetectStateProcessv)
    num_0()                                  0x08003919   Thumb Code    50  screen.o(i._Z5num_0v)
    num_1()                                  0x08003951   Thumb Code    18  screen.o(i._Z5num_1v)
    num_2()                                  0x08003969   Thumb Code    42  screen.o(i._Z5num_2v)
    num_3()                                  0x08003999   Thumb Code    42  screen.o(i._Z5num_3v)
    num_4()                                  0x080039c9   Thumb Code    34  screen.o(i._Z5num_4v)
    num_5()                                  0x080039f1   Thumb Code    42  screen.o(i._Z5num_5v)
    num_6()                                  0x08003a21   Thumb Code    50  screen.o(i._Z5num_6v)
    num_7()                                  0x08003a59   Thumb Code    26  screen.o(i._Z5num_7v)
    num_8()                                  0x08003a79   Thumb Code    58  screen.o(i._Z5num_8v)
    num_9()                                  0x08003ab9   Thumb Code    50  screen.o(i._Z5num_9v)
    point()                                  0x08003af1   Thumb Code    10  screen.o(i._Z5pointv)
    power()                                  0x08003b01   Thumb Code    22  main_1.o(i._Z5powerv)
    EE_Init()                                0x08003b19   Thumb Code   332  eeprom.o(i._Z7EE_Initv)
    do_Menu()                                0x08003c79   Thumb Code    62  menu.o(i._Z7do_Menuv)
    TSL_Init(const TSL_Bank_T*)              0x08003cc9   Thumb Code    20  tsl.o(i._Z8TSL_InitPK10TSL_Bank_T)
    letter_A()                               0x08003ce1   Thumb Code    50  screen.o(i._Z8letter_Av)
    letter_C()                               0x08003d19   Thumb Code    34  screen.o(i._Z8letter_Cv)
    letter_E()                               0x08003d41   Thumb Code    42  screen.o(i._Z8letter_Ev)
    letter_L()                               0x08003d71   Thumb Code    26  screen.o(i._Z8letter_Lv)
    letter_O()                               0x08003d91   Thumb Code    50  screen.o(i._Z8letter_Ov)
    letter_a()                               0x08003dc9   Thumb Code    50  screen.o(i._Z8letter_av)
    letter_b()                               0x08003e01   Thumb Code    42  screen.o(i._Z8letter_bv)
    letter_c()                               0x08003e31   Thumb Code    26  screen.o(i._Z8letter_cv)
    letter_d()                               0x08003e51   Thumb Code    42  screen.o(i._Z8letter_dv)
    letter_f()                               0x08003e81   Thumb Code    34  screen.o(i._Z8letter_fv)
    letter_h()                               0x08003ea9   Thumb Code    34  screen.o(i._Z8letter_hv)
    letter_n()                               0x08003ed1   Thumb Code    26  screen.o(i._Z8letter_nv)
    letter_o()                               0x08003ef1   Thumb Code    34  screen.o(i._Z8letter_ov)
    letter_r()                               0x08003f19   Thumb Code    18  screen.o(i._Z8letter_rv)
    letter_t()                               0x08003f31   Thumb Code    34  screen.o(i._Z8letter_tv)
    EE_Writes(Flash_Data*, unsigned short)   0x08003f59   Thumb Code   102  eeprom_user.o(i._Z9EE_WritesP10Flash_Datat)
    SoftDelay(unsigned)                      0x08003fc5   Thumb Code    10  tsl_acq_stm32f0xx.o(i._Z9SoftDelayj)
    clear_buf(Screen&)                       0x08003fcf   Thumb Code    18  screen.o(i._Z9clear_bufR6Screen)
    Flash_Data::check_data(unsigned short)   0x08003fe1   Thumb Code    20  eeprom_user.o(i._ZN10Flash_Data10check_dataEt)
    Flash_Data::write_data(unsigned short)   0x08003ff5   Thumb Code    56  eeprom_user.o(i._ZN10Flash_Data10write_dataEt)
    Flash_Data::find_data()                  0x08004031   Thumb Code    26  eeprom_user.o(i._ZN10Flash_Data9find_dataEv)
    Flash_Data::Flash_Data(unsigned short, unsigned short, unsigned short, unsigned short) 0x0800404b   Thumb Code    14  eeprom_user.o(i._ZN10Flash_DataC1Etttt)
    Flash_Data::Flash_Data__sub_object(unsigned short, unsigned short, unsigned short, unsigned short) 0x0800404b   Thumb Code     0  eeprom_user.o(i._ZN10Flash_DataC1Etttt)
    Menu_Error::action()                     0x08004059   Thumb Code    42  menu.o(i._ZN10Menu_Error6actionEv)
    Menu_Error::menu_scr()                   0x08004089   Thumb Code    12  menu.o(i._ZN10Menu_Error8menu_scrEv)
    Menu_Error::~Menu_Error()                0x08004099   Thumb Code     2  menu.o(i._ZN10Menu_ErrorD1Ev)
    Menu_Error::~Menu_Error__sub_object()    0x08004099   Thumb Code     0  menu.o(i._ZN10Menu_ErrorD1Ev)
    voltage_acq::filter_voltage()            0x0800409b   Thumb Code    16  voltage_acq.o(i._ZN11voltage_acq14filter_voltageEv)
    voltage_acq::get_ptr()                   0x080040ab   Thumb Code     4  voltage_acq.o(i._ZN11voltage_acq7get_ptrEv)
    voltage_acq::calculate()                 0x080040b1   Thumb Code   100  voltage_acq.o(i._ZN11voltage_acq9calculateEv)
    Menu_flash_rw::change_data()             0x0800411d   Thumb Code    82  menu.o(i._ZN13Menu_flash_rw11change_dataEv)
    Menu_flash_rw::action()                  0x0800417d   Thumb Code   150  menu.o(i._ZN13Menu_flash_rw6actionEv)
    Menu_flash_rw::menu_scr()                0x08004219   Thumb Code    24  menu.o(i._ZN13Menu_flash_rw8menu_scrEv)
    Menu_flash_rw::Menu_flash_rw(const char*, Flash_Data&, Menu_Base*) 0x08004235   Thumb Code    20  menu.o(i._ZN13Menu_flash_rwC1EPKcR10Flash_DataP9Menu_Base)
    Menu_flash_rw::Menu_flash_rw__sub_object(const char*, Flash_Data&, Menu_Base*) 0x08004235   Thumb Code     0  menu.o(i._ZN13Menu_flash_rwC1EPKcR10Flash_DataP9Menu_Base)
    Menu_flash_rw::~Menu_flash_rw()          0x0800424d   Thumb Code     2  menu.o(i._ZN13Menu_flash_rwD1Ev)
    Menu_flash_rw::~Menu_flash_rw__sub_object() 0x0800424d   Thumb Code     0  menu.o(i._ZN13Menu_flash_rwD1Ev)
    voltage_relay::get_arr_ptr()             0x0800424f   Thumb Code    10  voltage_relay.o(i._ZN13voltage_relay11get_arr_ptrEv)
    voltage_relay::reset_alarm()             0x08004259   Thumb Code    24  voltage_relay.o(i._ZN13voltage_relay11reset_alarmEv)
    voltage_relay::generate_alarm()          0x08004279   Thumb Code    24  voltage_relay.o(i._ZN13voltage_relay14generate_alarmEv)
    voltage_relay::status_detection()        0x08004299   Thumb Code   220  voltage_relay.o(i._ZN13voltage_relay16status_detectionEv)
    voltage_relay::get_voltage_to_screen()   0x0800437d   Thumb Code    10  voltage_relay.o(i._ZN13voltage_relay21get_voltage_to_screenEv)
    voltage_relay::update()                  0x08004387   Thumb Code    34  voltage_relay.o(i._ZN13voltage_relay6updateEv)
    voltage_relay::execute()                 0x080043a9   Thumb Code     8  voltage_relay.o(i._ZN13voltage_relay7executeEv)
    voltage_relay::voltage_relay(Flash_Data*) 0x080043b1   Thumb Code   160  voltage_relay.o(i._ZN13voltage_relayC1EP10Flash_Data)
    voltage_relay::voltage_relay__sub_object(Flash_Data*) 0x080043b1   Thumb Code     0  voltage_relay.o(i._ZN13voltage_relayC1EP10Flash_Data)
    voltage_relay::~voltage_relay()          0x08004465   Thumb Code    54  voltage_relay.o(i._ZN13voltage_relayD1Ev)
    voltage_relay::~voltage_relay__sub_object() 0x08004465   Thumb Code     0  voltage_relay.o(i._ZN13voltage_relayD1Ev)
    low_pass_filter::execute_filter(float)   0x080044a1   Thumb Code    72  voltage_acq.o(i._ZN15low_pass_filter14execute_filterEf)
    Event_EEprom_Write::execute_task()       0x080044e9   Thumb Code    10  alarms_events.o(i._ZN18Event_EEprom_Write12execute_taskEv)
    Event_EEprom_Write::set_task(void(*&)(Flash_Data*, unsigned short), Flash_Data*, unsigned short) 0x080044f3   Thumb Code    10  alarms_events.o(i._ZN18Event_EEprom_Write8set_taskERPFvP10Flash_DatatES1_t)
    Event_EEprom_Write::~Event_EEprom_Write() 0x080044fd   Thumb Code     2  alarms_events.o(i._ZN18Event_EEprom_WriteD1Ev)
    Event_EEprom_Write::~Event_EEprom_Write__sub_object() 0x080044fd   Thumb Code     0  alarms_events.o(i._ZN18Event_EEprom_WriteD1Ev)
    Menu_Voltage_Relay::action()             0x080044ff   Thumb Code     4  menu.o(i._ZN18Menu_Voltage_Relay6actionEv)
    Menu_Voltage_Relay::menu_scr()           0x08004505   Thumb Code    20  menu.o(i._ZN18Menu_Voltage_Relay8menu_scrEv)
    Menu_Voltage_Relay::~Menu_Voltage_Relay() 0x0800451d   Thumb Code     2  menu.o(i._ZN18Menu_Voltage_RelayD1Ev)
    Menu_Voltage_Relay::~Menu_Voltage_Relay__sub_object() 0x0800451d   Thumb Code     0  menu.o(i._ZN18Menu_Voltage_RelayD1Ev)
    Voltage_Relay_Executor::pop()            0x0800451f   Thumb Code    24  main_state_machine.o(i._ZN22Voltage_Relay_Executor3popEv)
    Voltage_Relay_Executor::push(OPERATION_BASE*) 0x08004539   Thumb Code    36  main_state_machine.o(i._ZN22Voltage_Relay_Executor4pushEP14OPERATION_BASE)
    Voltage_Relay_Executor::run_task()       0x08004569   Thumb Code    32  main_state_machine.o(i._ZN22Voltage_Relay_Executor8run_taskEv)
    Voltage_Relay_Executor::~Voltage_Relay_Executor() 0x08004589   Thumb Code    28  main_state_machine.o(i._ZN22Voltage_Relay_ExecutorD1Ev)
    Voltage_Relay_Executor::~Voltage_Relay_Executor__sub_object() 0x08004589   Thumb Code     0  main_state_machine.o(i._ZN22Voltage_Relay_ExecutorD1Ev)
    Alarm::execute_task()                    0x08004dcd   Thumb Code     4  alarms_events.o(i._ZN5Alarm12execute_taskEv)
    Alarm::set_task(void(*&)())              0x08004dd1   Thumb Code     6  alarms_events.o(i._ZN5Alarm8set_taskERPFvvE)
    Alarm::~Alarm()                          0x08004dd7   Thumb Code     2  alarms_events.o(i._ZN5AlarmD1Ev)
    Alarm::~Alarm__sub_object()              0x08004dd7   Thumb Code     0  alarms_events.o(i._ZN5AlarmD1Ev)
    Digit::BSRR_Off()                        0x08004dd9   Thumb Code    14  screen.o(i._ZN5Digit8BSRR_OffEv)
    Digit::Digit(GPIO_TypeDef*, unsigned short) 0x08004de7   Thumb Code    16  screen.o(i._ZN5DigitC1EP12GPIO_TypeDeft)
    Digit::Digit__sub_object(GPIO_TypeDef*, unsigned short) 0x08004de7   Thumb Code     0  screen.o(i._ZN5DigitC1EP12GPIO_TypeDeft)
    Event::execute_task()                    0x08004df7   Thumb Code     4  alarms_events.o(i._ZN5Event12execute_taskEv)
    Event::~Event()                          0x08004dfb   Thumb Code     2  alarms_events.o(i._ZN5EventD1Ev)
    Event::~Event__sub_object()              0x08004dfb   Thumb Code     0  alarms_events.o(i._ZN5EventD1Ev)
    Event::operator =(const Event&)          0x08004dfd   Thumb Code     6  alarms_events.o(i._ZN5EventaSERKS_)
    Screen::delete_p(char*)                  0x08004e03   Thumb Code    16  screen.o(i._ZN6Screen8delete_pEPc)
    Segment::BSRR_On()                       0x08004e13   Thumb Code    14  screen.o(i._ZN7Segment7BSRR_OnEv)
    Segment::BSRR_Off()                      0x08004e21   Thumb Code    14  screen.o(i._ZN7Segment8BSRR_OffEv)
    Segment::Segment(GPIO_TypeDef*, unsigned short) 0x08004e2f   Thumb Code    16  screen.o(i._ZN7SegmentC1EP12GPIO_TypeDeft)
    Segment::Segment__sub_object(GPIO_TypeDef*, unsigned short) 0x08004e2f   Thumb Code     0  screen.o(i._ZN7SegmentC1EP12GPIO_TypeDeft)
    Subject::attach(Observer*)               0x08004e3f   Thumb Code    16  observer.o(i._ZN7Subject6attachEP8Observer)
    Subject::notify()                        0x08004e4f   Thumb Code    32  observer.o(i._ZN7Subject6notifyEv)
    keyboard::any_key_pressed()              0x08004e6f   Thumb Code    26  keyboard.o(i._ZN8keyboard15any_key_pressedEv)
    keyboard::get_state(SENSOR_NAME, SENSOR_STATE) 0x08004e89   Thumb Code   194  keyboard.o(i._ZN8keyboard9get_stateE11SENSOR_NAME12SENSOR_STATE)
    Menu_Base::Menu_Base__sub_object(const char*) 0x08004f51   Thumb Code     8  menu.o(i._ZN9Menu_BaseC2EPKc)
    Menu_Time::action()                      0x08004f5d   Thumb Code   142  menu.o(i._ZN9Menu_Time6actionEv)
    Menu_Time::menu_scr()                    0x08004ff1   Thumb Code    78  menu.o(i._ZN9Menu_Time8menu_scrEv)
    Menu_Time::Menu_Time(const char*, Flash_Data&, Menu_Base*) 0x08005045   Thumb Code    12  menu.o(i._ZN9Menu_TimeC1EPKcR10Flash_DataP9Menu_Base)
    Menu_Time::Menu_Time__sub_object(const char*, Flash_Data&, Menu_Base*) 0x08005045   Thumb Code     0  menu.o(i._ZN9Menu_TimeC1EPKcR10Flash_DataP9Menu_Base)
    Menu_Time::~Menu_Time()                  0x08005055   Thumb Code     2  menu.o(i._ZN9Menu_TimeD1Ev)
    Menu_Time::~Menu_Time__sub_object()      0x08005055   Thumb Code     0  menu.o(i._ZN9Menu_TimeD1Ev)
    Menu_item::action()                      0x08005059   Thumb Code   124  menu.o(i._ZN9Menu_item6actionEv)
    Menu_item::menu_scr()                    0x080050d9   Thumb Code    44  menu.o(i._ZN9Menu_item8menu_scrEv)
    Menu_item::Menu_item(const char*, unsigned char, ...) 0x0800510d   Thumb Code    68  menu.o(i._ZN9Menu_itemC1EPKchz)
    Menu_item::Menu_item__sub_object(const char*, unsigned char, ...) 0x0800510d   Thumb Code     0  menu.o(i._ZN9Menu_itemC1EPKchz)
    Menu_item::~Menu_item()                  0x08005155   Thumb Code    18  menu.o(i._ZN9Menu_itemD1Ev)
    Menu_item::~Menu_item__sub_object()      0x08005155   Thumb Code     0  menu.o(i._ZN9Menu_itemD1Ev)
    Flash_Data::get_value() const            0x0800516d   Thumb Code     4  eeprom_user.o(i._ZNK10Flash_Data9get_valueEv)
    voltage_acq::get_voltage() const         0x08005171   Thumb Code     4  voltage_acq.o(i._ZNK11voltage_acq11get_voltageEv)
    voltage_acq::get_screen_voltage() const  0x08005175   Thumb Code    36  voltage_acq.o(i._ZNK11voltage_acq18get_screen_voltageEv)
    operator delete[] (void*)                0x080051a1   Thumb Code     8  array_del.o(i._ZdaPv)
    operator delete (void*)                  0x080051a9   Thumb Code     8  delete.o(i._ZdlPv)
    operator <<(Screen&, const char*)        0x080051b1   Thumb Code    30  screen.o(i._ZlsR6ScreenPKc)
    operator <<(Screen&, const unsigned short&) 0x080051cf   Thumb Code    30  screen.o(i._ZlsR6ScreenRKt)
    operator <<(Screen&, std::tm)            0x080051ed   Thumb Code    36  screen.o(i._ZlsR6ScreenSt2tm)
    operator new[] (unsigned)                0x08005211   Thumb Code     8  array_new.o(i._Znaj)
    operator new(unsigned)                   0x08005219   Thumb Code    36  new.o(i._Znwj)
    __ARM_common_switch8                     0x08005241   Thumb Code    26  stm32f0xx_hal_dma.o(i.__ARM_common_switch8)
    __cxa_pure_virtual                       0x0800525b   Thumb Code    10  pure_virt.o(i.__cxa_pure_virtual)
    arm_fir_f32                              0x08005689   Thumb Code   128  arm_fir_f32.o(i.arm_fir_f32)
    arm_fir_init_f32                         0x08005709   Thumb Code    28  arm_fir_init_f32.o(i.arm_fir_init_f32)
    main                                     0x08005725   Thumb Code   146  main_1.o(i.main)
    sqrtf                                    0x080057cd   Thumb Code    44  sqrtf.o(i.sqrtf)
    Event_Check<voltage_relay, void(voltage_relay::*)()>::execute_task() 0x080057f9   Thumb Code    24  alarms_events.o(t._ZN11Event_CheckI13voltage_relayMS0_FvvEE12execute_taskEv)
    Event_Check<voltage_relay, void(voltage_relay::*)()>::~Event_Check() 0x08005811   Thumb Code     2  alarms_events.o(t._ZN11Event_CheckI13voltage_relayMS0_FvvEED1Ev)
    Event_Check<voltage_relay, void(voltage_relay::*)()>::~Event_Check__sub_object() 0x08005811   Thumb Code     0  alarms_events.o(t._ZN11Event_CheckI13voltage_relayMS0_FvvEED1Ev)
    Stack<OPERATION_BASE*>::get()            0x08005813   Thumb Code    10  main_state_machine.o(t._ZN5StackIP14OPERATION_BASEE3getEv)
    __aeabi_fadd                             0x0800581d   Thumb Code     0  faddsub.o(x$fpl$fadd)
    _fadd                                    0x0800581d   Thumb Code   134  faddsub.o(x$fpl$fadd)
    __aeabi_fmul                             0x080058a9   Thumb Code     0  fmul.o(x$fpl$fmul)
    _fmul                                    0x080058a9   Thumb Code   172  fmul.o(x$fpl$fmul)
    __aeabi_fsub                             0x08005959   Thumb Code     0  faddsub.o(x$fpl$fsub)
    _fsub                                    0x08005959   Thumb Code   204  faddsub.o(x$fpl$fsub)
    AHBPrescTable                            0x08005a28   Data          16  system_stm32f0xx.o(.constdata)
    __I$use$fp                               0x08005a28   Number         0  usenofp.o(x$fpl$usenofp)
    MyBanks                                  0x08005a80   Data         120  tsl_user.o(.constdata)
    MyTKeys                                  0x08005ba0   Data         100  tsl_user.o(.constdata)
    MyObjects                                0x08005c04   Data          40  tsl_user.o(.constdata)
    vtable for Menu_Error                    0x08005c6c   Data          24  menu.o(.constdata__ZTV10Menu_Error)
    vtable for Event_Check<voltage_relay, void(voltage_relay::*)()> 0x08005c84   Data          20  alarms_events.o(.constdata__ZTV11Event_CheckI13voltage_relayMS0_FvvEE)
    vtable for Menu_flash_rw                 0x08005c98   Data          24  menu.o(.constdata__ZTV13Menu_flash_rw)
    vtable for voltage_relay                 0x08005cb0   Data          12  voltage_relay.o(.constdata__ZTV13voltage_relay)
    vtable for Event_EEprom_Write            0x08005cbc   Data          20  alarms_events.o(.constdata__ZTV18Event_EEprom_Write)
    vtable for Menu_Voltage_Relay            0x08005cd0   Data          24  menu.o(.constdata__ZTV18Menu_Voltage_Relay)
    vtable for Alarm                         0x08005ce8   Data          20  alarms_events.o(.constdata__ZTV5Alarm)
    vtable for Event                         0x08005cfc   Data          20  alarms_events.o(.constdata__ZTV5Event)
    vtable for Menu_Base                     0x08005d10   Data          24  menu.o(.constdata__ZTV9Menu_Base)
    vtable for Menu_Time                     0x08005d28   Data          24  menu.o(.constdata__ZTV9Menu_Time)
    vtable for Menu_item                     0x08005d40   Data          24  menu.o(.constdata__ZTV9Menu_item)
    Menu_Voltage_Relay::Menu_Voltage_Relay(voltage_relay&, Menu_Base*)::string 0x08005d58   Data           1  menu.o(.constdata__ZZN18Menu_Voltage_RelayC1ER13voltage_relayP9Menu_BaseEs)
    Region$$Table$$Base                      0x08005d5c   Number         0  anon$$obj.o(Region$$Table)
    Region$$Table$$Limit                     0x08005d7c   Number         0  anon$$obj.o(Region$$Table)
    SHT$$INIT_ARRAY$$Base                    0x08005d7c   Number         0  screen.o(.init_array)
    SHT$$INIT_ARRAY$$Limit                   0x08005d98   Number         0  init_aeabi.o(.init_array)
    uwTick                                   0x20000000   Data           4  stm32f0xx_hal.o(.data)
    SystemCoreClock                          0x20000004   Data           4  system_stm32f0xx.o(.data)
    scr                                      0x20000009   Data           8  screen.o(.data)
    SegA                                     0x20000014   Data           8  screen.o(.data)
    SegB                                     0x2000001c   Data           8  screen.o(.data)
    SegC                                     0x20000024   Data           8  screen.o(.data)
    SegD                                     0x2000002c   Data           8  screen.o(.data)
    SegE                                     0x20000034   Data           8  screen.o(.data)
    SegF                                     0x2000003c   Data           8  screen.o(.data)
    SegG                                     0x20000044   Data           8  screen.o(.data)
    SegPoint                                 0x2000004c   Data           8  screen.o(.data)
    dig4                                     0x20000054   Data           8  screen.o(.data)
    dig3                                     0x2000005c   Data           8  screen.o(.data)
    dig2                                     0x20000064   Data           8  screen.o(.data)
    dig1                                     0x2000006c   Data           8  screen.o(.data)
    symbols                                  0x20000074   Data         308  screen.o(.data)
    Gv_ECS_last_tick                         0x200001a8   Data           2  tsl_user.o(.data)
    Gv_EOA                                   0x200001b4   Data           4  tsl_user.o(.data)
    MyObjGroup                               0x200001b8   Data          16  tsl_user.o(.data)
    TSL_Params                               0x200001c8   Data          16  tsl_user.o(.data)
    Gv_SystickCounter                        0x200001d8   Data           4  tsl_user.o(.data)
    DataVar                                  0x200001dc   Data           2  eeprom.o(.data)
    PageErr                                  0x200001e0   Data           4  eeprom.o(.data)
    VirtAddVarTab                            0x200001e4   Data          14  eeprom.o(.data)
    EEPROM_EVENT_WR                          0x200001f4   Data           4  eeprom_user.o(.data)
    Flash_Data::subj                         0x200001f8   Data           4  eeprom_user.o(.data)
    kCoef                                    0x200001fc   Data          36  voltage_acq.o(.data)
    vptr                                     0x20000224   Data           8  voltage_relay.o(.data)
    voltage_relay::relay_state               0x2000022c   Data           2  voltage_relay.o(.data)
    AL_HANDLER_PTR                           0x20000230   Data           4  voltage_relay.o(.data)
    AL_RESET_PTR                             0x20000234   Data           4  voltage_relay.o(.data)
    voltage_relay::executor_ptr              0x20000238   Data           4  voltage_relay.o(.data)
    Relay                                    0x2000023c   Data           8  voltage_relay.o(.data)
    VOLT_CALC                                0x20000244   Data           4  voltage_relay.o(.data)
    Main_State_Machine                       0x20000248   Data           4  main_state_machine.o(.data)
    Volt_Calculation                         0x2000024c   Data           8  alarms_events.o(.data)
    Voltage_Relay_Alarm                      0x20000254   Data           8  alarms_events.o(.data)
    Some_Event                               0x2000025c   Data           8  alarms_events.o(.data)
    PTR_TO_MAIN                              0x20000264   Data           4  main_1.o(.data)
    Write_Error                              0x20000268   Data           4  menu.o(.data)
    selected                                 0x20000270   Data           4  menu.o(.data)
    Menu_Base::t_keys                        0x20000274   Data           4  menu.o(.data)
    Menu_flash_rw::state_machine             0x20000278   Data           4  menu.o(.data)
    DelayDischarge                           0x2000027c   Data           4  tsl_acq_stm32f0xx.o(.data)
    pFlash                                   0x20000288   Data          32  stm32f0xx_hal_flash.o(.bss)
    Global_Tick                              0x200002a8   Data          44  help.o(.bss)
    digits                                   0x200002d4   Data          32  screen.o(.bss)
    MyChannels_Data                          0x200002f4   Data          60  tsl_user.o(.bss)
    MyTKeys_Data                             0x20000330   Data          40  tsl_user.o(.bss)
    MyTKeys_Param                            0x20000358   Data          50  tsl_user.o(.bss)
    Keyboard                                 0x2000038c   Data          24  keyboard.o(.bss)
    EEPROM_DATA                              0x200003a4   Data          70  eeprom_user.o(.bss)
    pState                                   0x200003ec   Data          80  voltage_acq.o(.bss)
    VOLT_RELAY                               0x2000043c   Data          32  voltage_relay.o(.bss)
    Volt_relay_Event_Check                   0x2000045c   Data          16  alarms_events.o(.bss)
    event_write                              0x2000046c   Data          16  alarms_events.o(.bss)
    hadc                                     0x2000047c   Data          76  main_1.o(.bss)
    htim1                                    0x200004c8   Data          68  main_1.o(.bss)
    htim6                                    0x2000050c   Data          68  main_1.o(.bss)
    htsc                                     0x20000550   Data          68  main_1.o(.bss)
    hdma_adc                                 0x20000594   Data          72  main_1.o(.bss)
    Parent                                   0x200006ec   Data          20  menu.o(.bss)
    Err_Menu                                 0x20000700   Data          12  menu.o(.bss)
    TSL_Globals                              0x2000070c   Data          20  tsl_globals.o(.bss)
    __libspace_start                         0x20000720   Data          96  libspace.o(.bss)
    __temporary_stack_top$libspace           0x20000780   Data           0  libspace.o(.bss)



==============================================================================

Memory Map of the image

  Image Entry point : 0x080000bd

  Load Region LR_IROM1 (Base: 0x08000000, Size: 0x0000601c, Max: 0x00020000, ABSOLUTE, COMPRESSED[0x00005e6c])

    Execution Region ER_IROM1 (Exec base: 0x08000000, Load base: 0x08000000, Size: 0x00005d98, Max: 0x00020000, ABSOLUTE)

    Exec Addr    Load Addr    Size         Type   Attr      Idx    E Section Name        Object

    0x08000000   0x08000000   0x000000bc   Data   RO         5238    RESET               startup_stm32f071xb.o
    0x080000bc   0x080000bc   0x00000008   Code   RO         5852  * !!!main             c_p.l(__main.o)
    0x080000c4   0x080000c4   0x0000003c   Code   RO         6439    !!!scatter          c_p.l(__scatter.o)
    0x08000100   0x08000100   0x0000001c   Code   RO         6441    !!handler_zi        c_p.l(__scatter_zi.o)
    0x0800011c   0x0800011c   0x00000002   Code   RO         6373    .ARM.Collect$$libinit$$00000000  c_p.l(libinit.o)
    0x0800011e   0x0800011e   0x00000000   Code   RO         6108    .ARM.Collect$$libinit$$00000002  c_p.l(libinit2.o)
    0x0800011e   0x0800011e   0x00000000   Code   RO         6110    .ARM.Collect$$libinit$$00000004  c_p.l(libinit2.o)
    0x0800011e   0x0800011e   0x00000008   Code   RO         6111    .ARM.Collect$$libinit$$00000005  c_p.l(libinit2.o)
    0x08000126   0x08000126   0x00000000   Code   RO         6113    .ARM.Collect$$libinit$$0000000A  c_p.l(libinit2.o)
    0x08000126   0x08000126   0x00000000   Code   RO         6115    .ARM.Collect$$libinit$$0000000C  c_p.l(libinit2.o)
    0x08000126   0x08000126   0x00000000   Code   RO         6117    .ARM.Collect$$libinit$$0000000E  c_p.l(libinit2.o)
    0x08000126   0x08000126   0x00000000   Code   RO         6120    .ARM.Collect$$libinit$$00000011  c_p.l(libinit2.o)
    0x08000126   0x08000126   0x00000000   Code   RO         6122    .ARM.Collect$$libinit$$00000013  c_p.l(libinit2.o)
    0x08000126   0x08000126   0x00000000   Code   RO         6124    .ARM.Collect$$libinit$$00000015  c_p.l(libinit2.o)
    0x08000126   0x08000126   0x00000000   Code   RO         6126    .ARM.Collect$$libinit$$00000017  c_p.l(libinit2.o)
    0x08000126   0x08000126   0x00000000   Code   RO         6128    .ARM.Collect$$libinit$$00000019  c_p.l(libinit2.o)
    0x08000126   0x08000126   0x00000000   Code   RO         6130    .ARM.Collect$$libinit$$0000001B  c_p.l(libinit2.o)
    0x08000126   0x08000126   0x00000000   Code   RO         6132    .ARM.Collect$$libinit$$0000001D  c_p.l(libinit2.o)
    0x08000126   0x08000126   0x00000000   Code   RO         6134    .ARM.Collect$$libinit$$0000001F  c_p.l(libinit2.o)
    0x08000126   0x08000126   0x00000000   Code   RO         6136    .ARM.Collect$$libinit$$00000021  c_p.l(libinit2.o)
    0x08000126   0x08000126   0x00000000   Code   RO         6138    .ARM.Collect$$libinit$$00000023  c_p.l(libinit2.o)
    0x08000126   0x08000126   0x00000000   Code   RO         6140    .ARM.Collect$$libinit$$00000025  c_p.l(libinit2.o)
    0x08000126   0x08000126   0x00000000   Code   RO         6144    .ARM.Collect$$libinit$$0000002C  c_p.l(libinit2.o)
    0x08000126   0x08000126   0x00000000   Code   RO         6146    .ARM.Collect$$libinit$$0000002E  c_p.l(libinit2.o)
    0x08000126   0x08000126   0x00000000   Code   RO         6148    .ARM.Collect$$libinit$$00000030  c_p.l(libinit2.o)
    0x08000126   0x08000126   0x00000004   Code   RO         6149    .ARM.Collect$$libinit$$00000031  c_p.l(libinit2.o)
    0x0800012a   0x0800012a   0x00000000   Code   RO         6150    .ARM.Collect$$libinit$$00000032  c_p.l(libinit2.o)
    0x0800012a   0x0800012a   0x00000002   Code   RO         6151    .ARM.Collect$$libinit$$00000033  c_p.l(libinit2.o)
    0x0800012c   0x0800012c   0x00000002   Code   RO         6434    .ARM.Collect$$libshutdown$$00000000  c_p.l(libshutdown.o)
    0x0800012e   0x0800012e   0x00000006   Code   RO         6272    .ARM.Collect$$libshutdown$$00000001  c_p.l(libshutdown2.o)
    0x08000134   0x08000134   0x00000000   Code   RO         6273    .ARM.Collect$$libshutdown$$00000002  c_p.l(libshutdown2.o)
    0x08000134   0x08000134   0x00000000   Code   RO         6275    .ARM.Collect$$libshutdown$$00000004  c_p.l(libshutdown2.o)
    0x08000134   0x08000134   0x00000000   Code   RO         6278    .ARM.Collect$$libshutdown$$00000007  c_p.l(libshutdown2.o)
    0x08000134   0x08000134   0x00000000   Code   RO         6281    .ARM.Collect$$libshutdown$$0000000A  c_p.l(libshutdown2.o)
    0x08000134   0x08000134   0x00000000   Code   RO         6283    .ARM.Collect$$libshutdown$$0000000C  c_p.l(libshutdown2.o)
    0x08000134   0x08000134   0x00000000   Code   RO         6286    .ARM.Collect$$libshutdown$$0000000F  c_p.l(libshutdown2.o)
    0x08000134   0x08000134   0x00000002   Code   RO         6287    .ARM.Collect$$libshutdown$$00000010  c_p.l(libshutdown2.o)
    0x08000136   0x08000136   0x00000000   Code   RO         6014    .ARM.Collect$$rtentry$$00000000  c_p.l(__rtentry.o)
    0x08000136   0x08000136   0x00000000   Code   RO         6193    .ARM.Collect$$rtentry$$00000002  c_p.l(__rtentry2.o)
    0x08000136   0x08000136   0x00000006   Code   RO         6205    .ARM.Collect$$rtentry$$00000004  c_p.l(__rtentry4.o)
    0x0800013c   0x0800013c   0x00000000   Code   RO         6195    .ARM.Collect$$rtentry$$00000009  c_p.l(__rtentry2.o)
    0x0800013c   0x0800013c   0x00000004   Code   RO         6196    .ARM.Collect$$rtentry$$0000000A  c_p.l(__rtentry2.o)
    0x08000140   0x08000140   0x00000000   Code   RO         6198    .ARM.Collect$$rtentry$$0000000C  c_p.l(__rtentry2.o)
    0x08000140   0x08000140   0x00000008   Code   RO         6199    .ARM.Collect$$rtentry$$0000000D  c_p.l(__rtentry2.o)
    0x08000148   0x08000148   0x00000002   Code   RO         6393    .ARM.Collect$$rtexit$$00000000  c_p.l(rtexit.o)
    0x0800014a   0x0800014a   0x00000000   Code   RO         6410    .ARM.Collect$$rtexit$$00000002  c_p.l(rtexit2.o)
    0x0800014a   0x0800014a   0x00000004   Code   RO         6411    .ARM.Collect$$rtexit$$00000003  c_p.l(rtexit2.o)
    0x0800014e   0x0800014e   0x00000006   Code   RO         6412    .ARM.Collect$$rtexit$$00000004  c_p.l(rtexit2.o)
    0x08000154   0x08000154   0x00000038   Code   RO         5838    .emb_text           c_p.l(rt_memcpy.o)
    0x0800018c   0x0800018c   0x00000000   Code   RO         6337    .emb_text           c_p.l(maybetermalloc1.o)
    0x0800018c   0x0800018c   0x00000038   Code   RO         5239    .text               startup_stm32f071xb.o
    0x080001c4   0x080001c4   0x00000022   Code   RO         5796    .text               c_p.l(llushr.o)
    0x080001e6   0x080001e6   0x0000002a   Code   RO         5831    .text               c_p.l(aeabi_atexit.o)
    0x08000210   0x08000210   0x00000044   Code   RO         5834    .text               c_p.l(strlen.o)
    0x08000254   0x08000254   0x000000a0   Code   RO         5836    .text               c_p.l(strncmp.o)
    0x080002f4   0x080002f4   0x00000082   Code   RO         5839    .text               c_p.l(rt_memcpy.o)
    0x08000376   0x08000376   0x00000096   Code   RO         5842    .text               c_p.l(rt_memmove.o)
    0x0800040c   0x0800040c   0x00000040   Code   RO         5844    .text               c_p.l(rt_memclr.o)
    0x0800044c   0x0800044c   0x0000015a   Code   RO         5846    .text               c_p.l(aeabi_sdiv.o)
    0x080005a6   0x080005a6   0x00000006   Code   RO         5850    .text               c_p.l(heapauxi.o)
    0x080005ac   0x080005ac   0x00000024   Code   RO         5857    .text               c_p.l(init_aeabi.o)
    0x080005d0   0x080005d0   0x0000007c   Code   RO         5983    .text               fz_ps.l(d2f.o)
    0x0800064c   0x0800064c   0x00000248   Code   RO         5985    .text               fz_ps.l(dmul.o)
    0x08000894   0x08000894   0x00000054   Code   RO         5987    .text               fz_ps.l(f2d.o)
    0x080008e8   0x080008e8   0x00000160   Code   RO         5995    .text               fz_ps.l(fdiv.o)
    0x08000a48   0x08000a48   0x00000030   Code   RO         5998    .text               fz_ps.l(ffixui.o)
    0x08000a78   0x08000a78   0x0000005e   Code   RO         6000    .text               fz_ps.l(fflti.o)
    0x08000ad6   0x08000ad6   0x00000002   PAD
    0x08000ad8   0x08000ad8   0x00000008   Code   RO         6022    .text               c_p.l(rt_new_handler_addr_intlibspace.o)
    0x08000ae0   0x08000ae0   0x00000008   Code   RO         6027    .text               c_p.l(rt_ddtor_pointer_addr_intlibspace.o)
    0x08000ae8   0x08000ae8   0x00000062   Code   RO         6033    .text               c_p.l(h1_alloc.o)
    0x08000b4a   0x08000b4a   0x0000004c   Code   RO         6035    .text               c_p.l(h1_free.o)
    0x08000b96   0x08000b96   0x00000016   Code   RO         6091    .text               c_p.l(_rserrno.o)
    0x08000bac   0x08000bac   0x00000042   Code   RO         6100    .text               c_p.l(cxa_finalize.o)
    0x08000bee   0x08000bee   0x0000000c   Code   RO         6103    .text               c_p.l(defsig_pvfn_outer.o)
    0x08000bfa   0x08000bfa   0x00000008   Code   RO         6155    .text               cpprt_p.l(arm_newhandler_noexceptions.o)
    0x08000c02   0x08000c02   0x00000002   PAD
    0x08000c04   0x08000c04   0x00000090   Code   RO         6184    .text               fz_ps.l(fsqrt.o)
    0x08000c94   0x08000c94   0x00000008   Code   RO         6187    .text               c_p.l(libspace.o)
    0x08000c9c   0x08000c9c   0x00000008   Code   RO         6214    .text               c_p.l(rt_heap_descriptor_intlibspace.o)
    0x08000ca4   0x08000ca4   0x00000008   Code   RO         6224    .text               c_p.l(rt_errno_addr_intlibspace.o)
    0x08000cac   0x08000cac   0x00000004   Code   RO         6226    .text               c_p.l(hguard.o)
    0x08000cb0   0x08000cb0   0x00000088   Code   RO         6228    .text               c_p.l(init_alloc.o)
    0x08000d38   0x08000d38   0x0000000e   Code   RO         6232    .text               c_p.l(h1_init.o)
    0x08000d46   0x08000d46   0x0000000c   Code   RO         6262    .text               c_p.l(defsig_exit.o)
    0x08000d52   0x08000d52   0x00000002   PAD
    0x08000d54   0x08000d54   0x00000030   Code   RO         6264    .text               c_p.l(defsig_pvfn_inner.o)
    0x08000d84   0x08000d84   0x0000001c   Code   RO         6304    .text               cpprt_p.l(arm_exceptions_terminate.o)
    0x08000da0   0x08000da0   0x00000054   Code   RO         6311    .text               cpprt_p.l(arm_exceptions_globs.o)
    0x08000df4   0x08000df4   0x0000000c   Code   RO         6325    .text               c_p.l(sys_exit.o)
    0x08000e00   0x08000e00   0x0000003e   Code   RO         6327    .text               c_p.l(sys_stackheap_outer.o)
    0x08000e3e   0x08000e3e   0x00000002   PAD
    0x08000e40   0x08000e40   0x00000008   Code   RO         6333    .text               c_p.l(rt_eh_globals_addr_intlibspace.o)
    0x08000e48   0x08000e48   0x00000034   Code   RO         6339    .text               c_p.l(h1_extend.o)
    0x08000e7c   0x08000e7c   0x00000010   Code   RO         6343    .text               c_p.l(exit.o)
    0x08000e8c   0x08000e8c   0x00000014   Code   RO         6345    .text               c_p.l(abort.o)
    0x08000ea0   0x08000ea0   0x00000034   Code   RO         6349    .text               c_p.l(defsig_general.o)
    0x08000ed4   0x08000ed4   0x0000000c   Code   RO         6355    .text               c_p.l(defsig_rtmem_outer.o)
    0x08000ee0   0x08000ee0   0x00000042   Code   RO         6377    .text               cpprt_p.l(arm_exceptions_mem.o)
    0x08000f22   0x08000f22   0x0000000c   Code   RO         6387    .text               c_p.l(sys_wrch.o)
    0x08000f2e   0x08000f2e   0x00000002   Code   RO         6389    .text               c_p.l(use_no_semi.o)
    0x08000f30   0x08000f30   0x00000000   Code   RO         6391    .text               c_p.l(indicate_semi.o)
    0x08000f30   0x08000f30   0x0000000c   Code   RO         6399    .text               c_p.l(defsig_abrt_outer.o)
    0x08000f3c   0x08000f3c   0x00000050   Code   RO         6405    .text               c_p.l(defsig_rtmem_inner.o)
    0x08000f8c   0x08000f8c   0x00000030   Code   RO         6420    .text               c_p.l(defsig_abrt_inner.o)
    0x08000fbc   0x08000fbc   0x00000056   Code   RO         6437    .text               c_p.l(__dczerorl2.o)
    0x08001012   0x08001012   0x00000002   PAD
    0x08001014   0x08001014   0x00000040   Code   RO         3847    i.DMA1_Channel1_IRQHandler  stm32f0xx_it.o
    0x08001054   0x08001054   0x00000050   Code   RO         2953    i.FLASH_WaitForLastOperation  stm32f0xx_hal_flash.o
    0x080010a4   0x080010a4   0x000000a8   Code   RO         1503    i.HAL_ADCEx_Calibration_Start  stm32f0xx_hal_adc_ex.o
    0x0800114c   0x0800114c   0x00000124   Code   RO         1623    i.HAL_ADC_ConfigChannel  stm32f0xx_hal_adc.o
    0x08001270   0x08001270   0x00000002   Code   RO         1624    i.HAL_ADC_ConvCpltCallback  stm32f0xx_hal_adc.o
    0x08001272   0x08001272   0x00000002   Code   RO         1627    i.HAL_ADC_ErrorCallback  stm32f0xx_hal_adc.o
    0x08001274   0x08001274   0x00000174   Code   RO         1632    i.HAL_ADC_Init      stm32f0xx_hal_adc.o
    0x080013e8   0x080013e8   0x00000098   Code   RO         3784    i.HAL_ADC_MspInit   stm32f0xx_hal_msp.o
    0x08001480   0x08001480   0x00000094   Code   RO         1639    i.HAL_ADC_Start_DMA  stm32f0xx_hal_adc.o
    0x08001514   0x08001514   0x0000003a   Code   RO         1641    i.HAL_ADC_Stop      stm32f0xx_hal_adc.o
    0x0800154e   0x0800154e   0x0000006c   Code   RO         1642    i.HAL_ADC_Stop_DMA  stm32f0xx_hal_adc.o
    0x080015ba   0x080015ba   0x0000002a   Code   RO          597    i.HAL_DMA_Abort     stm32f0xx_hal_dma.o
    0x080015e4   0x080015e4   0x00000098   Code   RO          602    i.HAL_DMA_IRQHandler  stm32f0xx_hal_dma.o
    0x0800167c   0x0800167c   0x00000054   Code   RO          603    i.HAL_DMA_Init      stm32f0xx_hal_dma.o
    0x080016d0   0x080016d0   0x00000064   Code   RO          606    i.HAL_DMA_Start_IT  stm32f0xx_hal_dma.o
    0x08001734   0x08001734   0x000000a0   Code   RO          926    i.HAL_FLASHEx_Erase  stm32f0xx_hal_flash_ex.o
    0x080017d4   0x080017d4   0x00000014   Code   RO         2957    i.HAL_FLASH_Lock    stm32f0xx_hal_flash.o
    0x080017e8   0x080017e8   0x0000007c   Code   RO         2962    i.HAL_FLASH_Program  stm32f0xx_hal_flash.o
    0x08001864   0x08001864   0x00000024   Code   RO         2964    i.HAL_FLASH_Unlock  stm32f0xx_hal_flash.o
    0x08001888   0x08001888   0x00000154   Code   RO         2886    i.HAL_GPIO_Init     stm32f0xx_hal_gpio.o
    0x080019dc   0x080019dc   0x0000000c   Code   RO         2890    i.HAL_GPIO_WritePin  stm32f0xx_hal_gpio.o
    0x080019e8   0x080019e8   0x0000000c   Code   RO         1934    i.HAL_GetTick       stm32f0xx_hal.o
    0x080019f4   0x080019f4   0x00000010   Code   RO         1938    i.HAL_IncTick       stm32f0xx_hal.o
    0x08001a04   0x08001a04   0x00000020   Code   RO         1939    i.HAL_Init          stm32f0xx_hal.o
    0x08001a24   0x08001a24   0x00000022   Code   RO         1940    i.HAL_InitTick      stm32f0xx_hal.o
    0x08001a46   0x08001a46   0x00000002   PAD
    0x08001a48   0x08001a48   0x00000038   Code   RO         3785    i.HAL_MspInit       stm32f0xx_hal_msp.o
    0x08001a80   0x08001a80   0x00000014   Code   RO         1021    i.HAL_NVIC_EnableIRQ  stm32f0xx_hal_cortex.o
    0x08001a94   0x08001a94   0x00000008   Code   RO         1025    i.HAL_NVIC_SetPriority  stm32f0xx_hal_cortex.o
    0x08001a9c   0x08001a9c   0x00000068   Code   RO          853    i.HAL_PWR_ConfigPVD  stm32f0xx_hal_pwr_ex.o
    0x08001b04   0x08001b04   0x00000010   Code   RO          855    i.HAL_PWR_EnablePVD  stm32f0xx_hal_pwr_ex.o
    0x08001b14   0x08001b14   0x00000154   Code   RO         1821    i.HAL_RCC_ClockConfig  stm32f0xx_hal_rcc.o
    0x08001c68   0x08001c68   0x0000000c   Code   RO         1826    i.HAL_RCC_GetHCLKFreq  stm32f0xx_hal_rcc.o
    0x08001c74   0x08001c74   0x00000088   Code   RO         1829    i.HAL_RCC_GetSysClockFreq  stm32f0xx_hal_rcc.o
    0x08001cfc   0x08001cfc   0x000003d4   Code   RO         1832    i.HAL_RCC_OscConfig  stm32f0xx_hal_rcc.o
    0x080020d0   0x080020d0   0x00000018   Code   RO         1027    i.HAL_SYSTICK_CLKSourceConfig  stm32f0xx_hal_cortex.o
    0x080020e8   0x080020e8   0x00000002   Code   RO         1028    i.HAL_SYSTICK_Callback  stm32f0xx_hal_cortex.o
    0x080020ea   0x080020ea   0x00000002   PAD
    0x080020ec   0x080020ec   0x00000030   Code   RO         1029    i.HAL_SYSTICK_Config  stm32f0xx_hal_cortex.o
    0x0800211c   0x0800211c   0x00000008   Code   RO         1030    i.HAL_SYSTICK_IRQHandler  stm32f0xx_hal_cortex.o
    0x08002124   0x08002124   0x00000002   Code   RO         1126    i.HAL_TIMEx_BreakCallback  stm32f0xx_hal_tim_ex.o
    0x08002126   0x08002126   0x00000002   Code   RO         1127    i.HAL_TIMEx_CommutationCallback  stm32f0xx_hal_tim_ex.o
    0x08002128   0x08002128   0x00000046   Code   RO         1143    i.HAL_TIMEx_MasterConfigSynchronization  stm32f0xx_hal_tim_ex.o
    0x0800216e   0x0800216e   0x00000030   Code   RO         2140    i.HAL_TIM_Base_Init  stm32f0xx_hal_tim.o
    0x0800219e   0x0800219e   0x00000002   PAD
    0x080021a0   0x080021a0   0x00000050   Code   RO         3787    i.HAL_TIM_Base_MspInit  stm32f0xx_hal_msp.o
    0x080021f0   0x080021f0   0x00000016   Code   RO         2145    i.HAL_TIM_Base_Start_IT  stm32f0xx_hal_tim.o
    0x08002206   0x08002206   0x00000002   PAD
    0x08002208   0x08002208   0x0000002c   Code   RO         2148    i.HAL_TIM_Base_Stop_IT  stm32f0xx_hal_tim.o
    0x08002234   0x08002234   0x000000e8   Code   RO         2149    i.HAL_TIM_ConfigClockSource  stm32f0xx_hal_tim.o
    0x0800231c   0x0800231c   0x00000002   Code   RO         2171    i.HAL_TIM_IC_CaptureCallback  stm32f0xx_hal_tim.o
    0x0800231e   0x0800231e   0x00000162   Code   RO         2184    i.HAL_TIM_IRQHandler  stm32f0xx_hal_tim.o
    0x08002480   0x08002480   0x00000002   Code   RO         2187    i.HAL_TIM_OC_DelayElapsedCallback  stm32f0xx_hal_tim.o
    0x08002482   0x08002482   0x00000002   Code   RO         2214    i.HAL_TIM_PWM_PulseFinishedCallback  stm32f0xx_hal_tim.o
    0x08002484   0x08002484   0x0000000c   Code   RO         3848    i.HAL_TIM_PeriodElapsedCallback  stm32f0xx_it.o
    0x08002490   0x08002490   0x00000002   Code   RO         2225    i.HAL_TIM_TriggerCallback  stm32f0xx_hal_tim.o
    0x08002492   0x08002492   0x00000002   Code   RO          710    i.HAL_TSC_ConvCpltCallback  stm32f0xx_hal_tsc.o
    0x08002494   0x08002494   0x00000002   Code   RO          712    i.HAL_TSC_ErrorCallback  stm32f0xx_hal_tsc.o
    0x08002496   0x08002496   0x00000032   Code   RO          718    i.HAL_TSC_IRQHandler  stm32f0xx_hal_tsc.o
    0x080024c8   0x080024c8   0x0000009e   Code   RO          719    i.HAL_TSC_Init      stm32f0xx_hal_tsc.o
    0x08002566   0x08002566   0x00000002   PAD
    0x08002568   0x08002568   0x0000008c   Code   RO         3789    i.HAL_TSC_MspInit   stm32f0xx_hal_msp.o
    0x080025f4   0x080025f4   0x00000058   Code   RO          724    i.HAL_TSC_Start_IT  stm32f0xx_hal_tsc.o
    0x0800264c   0x0800264c   0x00000002   Code   RO         3849    i.HardFault_Handler  stm32f0xx_it.o
    0x0800264e   0x0800264e   0x00000002   Code   RO         3850    i.NMI_Handler       stm32f0xx_it.o
    0x08002650   0x08002650   0x00000002   Code   RO         3851    i.PendSV_Handler    stm32f0xx_it.o
    0x08002652   0x08002652   0x00000002   Code   RO         3852    i.SVC_Handler       stm32f0xx_it.o
    0x08002654   0x08002654   0x00000024   Code   RO         3853    i.SysTick_Handler   stm32f0xx_it.o
    0x08002678   0x08002678   0x0000005c   Code   RO         3067    i.SystemInit        system_stm32f0xx.o
    0x080026d4   0x080026d4   0x0000003c   Code   RO         3854    i.TIM1_BRK_UP_TRG_COM_IRQHandler  stm32f0xx_it.o
    0x08002710   0x08002710   0x00000010   Code   RO         3855    i.TIM6_DAC_IRQHandler  stm32f0xx_it.o
    0x08002720   0x08002720   0x00000094   Code   RO         2226    i.TIM_Base_SetConfig  stm32f0xx_hal_tim.o
    0x080027b4   0x080027b4   0x00000016   Code   RO         2231    i.TIM_ETR_SetConfig  stm32f0xx_hal_tim.o
    0x080027ca   0x080027ca   0x00000002   PAD
    0x080027cc   0x080027cc   0x00000028   Code   RO         3856    i.TSC_IRQHandler    stm32f0xx_it.o
    0x080027f4   0x080027f4   0x00000010   Code   RO         4829    i._Error_Handler    main_1.o
    0x08002804   0x08002804   0x0000009c   Code   RO         3236    i._Z10Screen_outv   screen.o
    0x080028a0   0x080028a0   0x00000010   Code   RO         4830    i._Z10_MAIN_FUNCv   main_1.o
    0x080028b0   0x080028b0   0x0000003c   Code   RO         3237    i._Z11Dig_num_outRKcb  screen.o
    0x080028ec   0x080028ec   0x0000002c   Code   RO         5302    i._Z12TSL_acq_Initv  tsl_acq_stm32f0xx.o
    0x08002918   0x08002918   0x0000004c   Code   RO         5595    i._Z12TSL_tim_Initv  tsl_time_stm32f0xx.o
    0x08002964   0x08002964   0x0000001e   Code   RO         3102    i._Z12time_elapsedthh  help.o
    0x08002982   0x08002982   0x00000056   Code   RO         3238    i._Z12time_to_charRSt2tmPc  screen.o
    0x080029d8   0x080029d8   0x00000090   Code   RO         5425    i._Z13TSL_ecs_CalcKP17TSL_ObjectGroup_Ttt  tsl_ecs.o
    0x08002a68   0x08002a68   0x00000058   Code   RO         5619    i._Z13TSL_tkey_Initv  tsl_touchkey.o
    0x08002ac0   0x08002ac0   0x0000001c   Code   RO         3649    i._Z13TSL_user_Initv  tsl_user.o
    0x08002adc   0x08002adc   0x00000048   Code   RO         3239    i._Z13clearSegmentsv  screen.o
    0x08002b24   0x08002b24   0x00000020   Code   RO         4915    i._Z15Call_Error_Menuv  menu.o
    0x08002b44   0x08002b44   0x00000044   Code   RO         4097    i._Z15EE_ReadVariabletPt  eeprom.o
    0x08002b88   0x08002b88   0x00000024   Code   RO          932    i._Z15FLASH_PageErasej  stm32f0xx_hal_flash_ex.o
    0x08002bac   0x08002bac   0x00000010   Code   RO         5303    i._Z15TSL_acq_GetMeash  tsl_acq_stm32f0xx.o
    0x08002bbc   0x08002bbc   0x00000080   Code   RO         5426    i._Z15TSL_ecs_ProcessP17TSL_ObjectGroup_T  tsl_ecs.o
    0x08002c3c   0x08002c3c   0x00000070   Code   RO         3650    i._Z15TSL_user_Actionv  tsl_user.o
    0x08002cac   0x08002cac   0x00000030   Code   RO         4098    i._Z16EE_WriteVariablett  eeprom.o
    0x08002cdc   0x08002cdc   0x00000028   Code   RO         4179    i._Z16Renew_EEpromDataP10Flash_Data  eeprom_user.o
    0x08002d04   0x08002d04   0x00000002   Code   RO         5404    i._Z16TSL_dxs_FirstObjPK17TSL_ObjectGroup_T  tsl_dxs.o
    0x08002d06   0x08002d06   0x00000002   PAD
    0x08002d08   0x08002d08   0x000000a8   Code   RO         5427    i._Z16TSL_ecs_ProcessKP17TSL_ObjectGroup_Tt  tsl_ecs.o
    0x08002db0   0x08002db0   0x00000054   Code   RO         5620    i._Z16TSL_tkey_Processv  tsl_touchkey.o
    0x08002e04   0x08002e04   0x0000002a   Code   RO         3240    i._Z16utoa_builtin_divjPc  screen.o
    0x08002e2e   0x08002e2e   0x00000002   PAD
    0x08002e30   0x08002e30   0x00000044   Code   RO         4180    i._Z17EEprom_Write_DataP10Flash_Datat  eeprom_user.o
    0x08002e74   0x08002e74   0x00000004   Code   RO         5304    i._Z17TSL_acq_UseFilterP17TSL_ChannelData_T  tsl_acq_stm32f0xx.o
    0x08002e78   0x08002e78   0x0000005c   Code   RO         5523    i._Z17TSL_obj_GroupInitP17TSL_ObjectGroup_T  tsl_object.o
    0x08002ed4   0x08002ed4   0x00000054   Code   RO         5558    i._Z17TSL_tim_ProcessITv  tsl_time.o
    0x08002f28   0x08002f28   0x00000034   Code   RO         3104    i._Z17time_elapsed_uinttRKSt2tmtt  help.o
    0x08002f5c   0x08002f5c   0x00000088   Code   RO         4831    i._Z18SystemClock_Configv  main_1.o
    0x08002fe4   0x08002fe4   0x00000060   Code   RO         5305    i._Z18TSL_acq_BankConfigh  tsl_acq_stm32f0xx.o
    0x08003044   0x08003044   0x00000004   Code   RO         5306    i._Z18TSL_acq_CheckNoisev  tsl_acq_stm32f0xx.o
    0x08003048   0x08003048   0x00000030   Code   RO         4181    i._Z18Write_Default_DataP10Flash_Data  eeprom_user.o
    0x08003078   0x08003078   0x00000006   Code   RO         5308    i._Z19TSL_acq_ComputeMeasts  tsl_acq_stm32f0xx.o
    0x0800307e   0x0800307e   0x00000002   PAD
    0x08003080   0x08003080   0x00000028   Code   RO         5309    i._Z20TSL_acq_BankStartAcqv  tsl_acq_stm32f0xx.o
    0x080030a8   0x080030a8   0x00000006   Code   RO         5310    i._Z20TSL_acq_ComputeDeltatt  tsl_acq_stm32f0xx.o
    0x080030ae   0x080030ae   0x00000002   PAD
    0x080030b0   0x080030b0   0x0000005c   Code   RO         5524    i._Z20TSL_obj_GroupProcessP17TSL_ObjectGroup_T  tsl_object.o
    0x0800310c   0x0800310c   0x00000018   Code   RO         5525    i._Z20TSL_obj_SetGlobalObjPK12TSL_Object_T  tsl_object.o
    0x08003124   0x08003124   0x00000130   Code   RO         5268    i._Z21TSL_acq_BankGetResulthPFtttEPFssE  tsl_acq.o
    0x08003254   0x08003254   0x00000058   Code   RO         5559    i._Z21TSL_tim_CheckDelay_mstPVt  tsl_time.o
    0x080032ac   0x080032ac   0x00000020   Code   RO         5625    i._Z21TSL_tkey_GetStateMaskv  tsl_touchkey.o
    0x080032cc   0x080032cc   0x00000018   Code   RO         3651    i._Z22TSL_user_SetThresholdsv  tsl_user.o
    0x080032e4   0x080032e4   0x00000002   Code   RO         3652    i._Z23MyTKeys_OffStateProcessv  tsl_user.o
    0x080032e6   0x080032e6   0x00000002   PAD
    0x080032e8   0x080032e8   0x00000014   Code   RO         3654    i._Z25MyTKeys_ErrorStateProcessv  tsl_user.o
    0x080032fc   0x080032fc   0x0000006c   Code   RO         5626    i._Z25TSL_tkey_ProxStateProcessv  tsl_touchkey.o
    0x08003368   0x08003368   0x0000006c   Code   RO         5628    i._Z26TSL_tkey_TouchStateProcessv  tsl_touchkey.o
    0x080033d4   0x080033d4   0x0000006c   Code   RO         5629    i._Z27TSL_tkey_DetectStateProcessv  tsl_touchkey.o
    0x08003440   0x08003440   0x00000064   Code   RO         5630    i._Z28TSL_tkey_DebProxStateProcessv  tsl_touchkey.o
    0x080034a4   0x080034a4   0x00000090   Code   RO         5631    i._Z28TSL_tkey_ReleaseStateProcessv  tsl_touchkey.o
    0x08003534   0x08003534   0x00000064   Code   RO         5632    i._Z28TSL_tkey_SetStateCalibrationh  tsl_touchkey.o
    0x08003598   0x08003598   0x00000064   Code   RO         5633    i._Z29TSL_tkey_DebErrorStateProcessv  tsl_touchkey.o
    0x080035fc   0x080035fc   0x00000064   Code   RO         5634    i._Z30TSL_tkey_DebDetectStateProcessv  tsl_touchkey.o
    0x08003660   0x08003660   0x00000004   Code   RO         5311    i._Z31TSL_acq_TestReferenceOutOfRangeP17TSL_ChannelData_T  tsl_acq_stm32f0xx.o
    0x08003664   0x08003664   0x000000b0   Code   RO         5635    i._Z32TSL_tkey_CalibrationStateProcessv  tsl_touchkey.o
    0x08003714   0x08003714   0x00000004   Code   RO         5312    i._Z33TSL_acq_TestFirstReferenceIsValidP17TSL_ChannelData_Tt  tsl_acq_stm32f0xx.o
    0x08003718   0x08003718   0x00000064   Code   RO         5636    i._Z33TSL_tkey_DebProxTouchStateProcessv  tsl_touchkey.o
    0x0800377c   0x0800377c   0x00000064   Code   RO         5637    i._Z34TSL_tkey_DebProxDetectStateProcessv  tsl_touchkey.o
    0x080037e0   0x080037e0   0x00000048   Code   RO         5638    i._Z35TSL_tkey_DebCalibrationStateProcessv  tsl_touchkey.o
    0x08003828   0x08003828   0x00000048   Code   RO         5639    i._Z35TSL_tkey_DebReleaseProxStateProcessv  tsl_touchkey.o
    0x08003870   0x08003870   0x00000054   Code   RO         5640    i._Z36TSL_tkey_DebReleaseTouchStateProcessv  tsl_touchkey.o
    0x080038c4   0x080038c4   0x00000054   Code   RO         5641    i._Z37TSL_tkey_DebReleaseDetectStateProcessv  tsl_touchkey.o
    0x08003918   0x08003918   0x00000038   Code   RO         3241    i._Z5num_0v         screen.o
    0x08003950   0x08003950   0x00000018   Code   RO         3242    i._Z5num_1v         screen.o
    0x08003968   0x08003968   0x00000030   Code   RO         3243    i._Z5num_2v         screen.o
    0x08003998   0x08003998   0x00000030   Code   RO         3244    i._Z5num_3v         screen.o
    0x080039c8   0x080039c8   0x00000028   Code   RO         3245    i._Z5num_4v         screen.o
    0x080039f0   0x080039f0   0x00000030   Code   RO         3246    i._Z5num_5v         screen.o
    0x08003a20   0x08003a20   0x00000038   Code   RO         3247    i._Z5num_6v         screen.o
    0x08003a58   0x08003a58   0x00000020   Code   RO         3248    i._Z5num_7v         screen.o
    0x08003a78   0x08003a78   0x00000040   Code   RO         3249    i._Z5num_8v         screen.o
    0x08003ab8   0x08003ab8   0x00000038   Code   RO         3250    i._Z5num_9v         screen.o
    0x08003af0   0x08003af0   0x00000010   Code   RO         3251    i._Z5pointv         screen.o
    0x08003b00   0x08003b00   0x00000016   Code   RO         4832    i._Z5powerv         main_1.o
    0x08003b16   0x08003b16   0x00000002   PAD
    0x08003b18   0x08003b18   0x00000160   Code   RO         4099    i._Z7EE_Initv       eeprom.o
    0x08003c78   0x08003c78   0x00000050   Code   RO         4916    i._Z7do_Menuv       menu.o
    0x08003cc8   0x08003cc8   0x00000018   Code   RO         5245    i._Z8TSL_InitPK10TSL_Bank_T  tsl.o
    0x08003ce0   0x08003ce0   0x00000038   Code   RO         3252    i._Z8letter_Av      screen.o
    0x08003d18   0x08003d18   0x00000028   Code   RO         3253    i._Z8letter_Cv      screen.o
    0x08003d40   0x08003d40   0x00000030   Code   RO         3254    i._Z8letter_Ev      screen.o
    0x08003d70   0x08003d70   0x00000020   Code   RO         3255    i._Z8letter_Lv      screen.o
    0x08003d90   0x08003d90   0x00000038   Code   RO         3256    i._Z8letter_Ov      screen.o
    0x08003dc8   0x08003dc8   0x00000038   Code   RO         3257    i._Z8letter_av      screen.o
    0x08003e00   0x08003e00   0x00000030   Code   RO         3258    i._Z8letter_bv      screen.o
    0x08003e30   0x08003e30   0x00000020   Code   RO         3259    i._Z8letter_cv      screen.o
    0x08003e50   0x08003e50   0x00000030   Code   RO         3260    i._Z8letter_dv      screen.o
    0x08003e80   0x08003e80   0x00000028   Code   RO         3261    i._Z8letter_fv      screen.o
    0x08003ea8   0x08003ea8   0x00000028   Code   RO         3262    i._Z8letter_hv      screen.o
    0x08003ed0   0x08003ed0   0x00000020   Code   RO         3263    i._Z8letter_nv      screen.o
    0x08003ef0   0x08003ef0   0x00000028   Code   RO         3264    i._Z8letter_ov      screen.o
    0x08003f18   0x08003f18   0x00000018   Code   RO         3265    i._Z8letter_rv      screen.o
    0x08003f30   0x08003f30   0x00000028   Code   RO         3266    i._Z8letter_tv      screen.o
    0x08003f58   0x08003f58   0x0000006c   Code   RO         4182    i._Z9EE_WritesP10Flash_Datat  eeprom_user.o
    0x08003fc4   0x08003fc4   0x0000000a   Code   RO         5313    i._Z9SoftDelayj     tsl_acq_stm32f0xx.o
    0x08003fce   0x08003fce   0x00000012   Code   RO         3267    i._Z9clear_bufR6Screen  screen.o
    0x08003fe0   0x08003fe0   0x00000014   Code   RO         4183    i._ZN10Flash_Data10check_dataEt  eeprom_user.o
    0x08003ff4   0x08003ff4   0x0000003c   Code   RO         4184    i._ZN10Flash_Data10write_dataEt  eeprom_user.o
    0x08004030   0x08004030   0x0000001a   Code   RO         4185    i._ZN10Flash_Data9find_dataEv  eeprom_user.o
    0x0800404a   0x0800404a   0x0000000e   Code   RO         4254    i._ZN10Flash_DataC1Etttt  eeprom_user.o
    0x08004058   0x08004058   0x00000030   Code   RO         4918    i._ZN10Menu_Error6actionEv  menu.o
    0x08004088   0x08004088   0x00000010   Code   RO         4919    i._ZN10Menu_Error8menu_scrEv  menu.o
    0x08004098   0x08004098   0x00000002   Code   RO         5071    i._ZN10Menu_ErrorD1Ev  menu.o
    0x0800409a   0x0800409a   0x00000010   Code   RO         4331    i._ZN11voltage_acq14filter_voltageEv  voltage_acq.o
    0x080040aa   0x080040aa   0x00000004   Code   RO         4332    i._ZN11voltage_acq7get_ptrEv  voltage_acq.o
    0x080040ae   0x080040ae   0x00000002   PAD
    0x080040b0   0x080040b0   0x0000006c   Code   RO         4333    i._ZN11voltage_acq9calculateEv  voltage_acq.o
    0x0800411c   0x0800411c   0x00000060   Code   RO         4920    i._ZN13Menu_flash_rw11change_dataEv  menu.o
    0x0800417c   0x0800417c   0x0000009c   Code   RO         4921    i._ZN13Menu_flash_rw6actionEv  menu.o
    0x08004218   0x08004218   0x0000001c   Code   RO         4922    i._ZN13Menu_flash_rw8menu_scrEv  menu.o
    0x08004234   0x08004234   0x00000018   Code   RO         5092    i._ZN13Menu_flash_rwC1EPKcR10Flash_DataP9Menu_Base  menu.o
    0x0800424c   0x0800424c   0x00000002   Code   RO         5062    i._ZN13Menu_flash_rwD1Ev  menu.o
    0x0800424e   0x0800424e   0x0000000a   Code   RO         4409    i._ZN13voltage_relay11get_arr_ptrEv  voltage_relay.o
    0x08004258   0x08004258   0x00000020   Code   RO         4411    i._ZN13voltage_relay11reset_alarmEv  voltage_relay.o
    0x08004278   0x08004278   0x00000020   Code   RO         4412    i._ZN13voltage_relay14generate_alarmEv  voltage_relay.o
    0x08004298   0x08004298   0x000000e4   Code   RO         4413    i._ZN13voltage_relay16status_detectionEv  voltage_relay.o
    0x0800437c   0x0800437c   0x0000000a   Code   RO         4414    i._ZN13voltage_relay21get_voltage_to_screenEv  voltage_relay.o
    0x08004386   0x08004386   0x00000022   Code   RO         4415    i._ZN13voltage_relay6updateEv  voltage_relay.o
    0x080043a8   0x080043a8   0x00000008   Code   RO         4416    i._ZN13voltage_relay7executeEv  voltage_relay.o
    0x080043b0   0x080043b0   0x000000b4   Code   RO         4502    i._ZN13voltage_relayC1EP10Flash_Data  voltage_relay.o
    0x08004464   0x08004464   0x0000003c   Code   RO         4508    i._ZN13voltage_relayD1Ev  voltage_relay.o
    0x080044a0   0x080044a0   0x00000048   Code   RO         4334    i._ZN15low_pass_filter14execute_filterEf  voltage_acq.o
    0x080044e8   0x080044e8   0x0000000a   Code   RO         4651    i._ZN18Event_EEprom_Write12execute_taskEv  alarms_events.o
    0x080044f2   0x080044f2   0x0000000a   Code   RO         4652    i._ZN18Event_EEprom_Write8set_taskERPFvP10Flash_DatatES1_t  alarms_events.o
    0x080044fc   0x080044fc   0x00000002   Code   RO         4719    i._ZN18Event_EEprom_WriteD1Ev  alarms_events.o
    0x080044fe   0x080044fe   0x00000004   Code   RO         4925    i._ZN18Menu_Voltage_Relay6actionEv  menu.o
    0x08004502   0x08004502   0x00000002   PAD
    0x08004504   0x08004504   0x00000018   Code   RO         4926    i._ZN18Menu_Voltage_Relay8menu_scrEv  menu.o
    0x0800451c   0x0800451c   0x00000002   Code   RO         5065    i._ZN18Menu_Voltage_RelayD1Ev  menu.o
    0x0800451e   0x0800451e   0x00000018   Code   RO         4575    i._ZN22Voltage_Relay_Executor3popEv  main_state_machine.o
    0x08004536   0x08004536   0x00000002   PAD
    0x08004538   0x08004538   0x00000030   Code   RO         4576    i._ZN22Voltage_Relay_Executor4pushEP14OPERATION_BASE  main_state_machine.o
    0x08004568   0x08004568   0x00000020   Code   RO         4577    i._ZN22Voltage_Relay_Executor8run_taskEv  main_state_machine.o
    0x08004588   0x08004588   0x0000001c   Code   RO         4610    i._ZN22Voltage_Relay_ExecutorD1Ev  main_state_machine.o
    0x080045a4   0x080045a4   0x00000084   Code   RO         4833    i._ZN27_INTERNAL_6_main_c_484a10ab11MX_ADC_InitEv  main_1.o
    0x08004628   0x08004628   0x00000060   Code   RO         4834    i._ZN27_INTERNAL_6_main_c_484a10ab11MX_TSC_InitEv  main_1.o
    0x08004688   0x08004688   0x00000084   Code   RO         4835    i._ZN27_INTERNAL_6_main_c_484a10ab12MX_GPIO_InitEv  main_1.o
    0x0800470c   0x0800470c   0x00000094   Code   RO         4836    i._ZN27_INTERNAL_6_main_c_484a10ab12MX_TIM1_InitEv  main_1.o
    0x080047a0   0x080047a0   0x0000005c   Code   RO         4837    i._ZN27_INTERNAL_6_main_c_484a10ab12MX_TIM6_InitEv  main_1.o
    0x080047fc   0x080047fc   0x0000002c   Code   RO         4100    i._ZN28_INTERNAL_8_eeprom_c_DataVar10Erase_PageEj  eeprom.o
    0x08004828   0x08004828   0x00000024   Code   RO         4101    i._ZN28_INTERNAL_8_eeprom_c_DataVar13page_is_blankEj  eeprom.o
    0x0800484c   0x0800484c   0x000000e0   Code   RO         4102    i._ZN28_INTERNAL_8_eeprom_c_DataVar15EE_PageTransferEtt  eeprom.o
    0x0800492c   0x0800492c   0x00000048   Code   RO         4103    i._ZN28_INTERNAL_8_eeprom_c_DataVar16EE_FindValidPageEh  eeprom.o
    0x08004974   0x08004974   0x0000006c   Code   RO         4104    i._ZN28_INTERNAL_8_eeprom_c_DataVar30EE_VerifyPageFullWriteVariableEtt  eeprom.o
    0x080049e0   0x080049e0   0x0000003c   Code   RO         4105    i._ZN28_INTERNAL_8_eeprom_c_DataVar9EE_FormatEv  eeprom.o
    0x08004a1c   0x08004a1c   0x00000020   Code   RO         4418    i._ZN35_INTERNAL_17_voltage_relay_cpp_vptr11Alarm_ResetEv  voltage_relay.o
    0x08004a3c   0x08004a3c   0x00000020   Code   RO         4419    i._ZN35_INTERNAL_17_voltage_relay_cpp_vptr13Alarm_HandlerEv  voltage_relay.o
    0x08004a5c   0x08004a5c   0x00000024   Code   RO         4420    i._ZN35_INTERNAL_17_voltage_relay_cpp_vptr19Voltage_CalculationEv  voltage_relay.o
    0x08004a80   0x08004a80   0x00000084   Code   RO         1644    i._ZN41_INTERNAL_19_stm32f0xx_hal_adc_c_52ef8f5010ADC_EnableEP17ADC_HandleTypeDef  stm32f0xx_hal_adc.o
    0x08004b04   0x08004b04   0x00000066   Code   RO         1645    i._ZN41_INTERNAL_19_stm32f0xx_hal_adc_c_52ef8f5011ADC_DisableEP17ADC_HandleTypeDef  stm32f0xx_hal_adc.o
    0x08004b6a   0x08004b6a   0x0000001a   Code   RO         1646    i._ZN41_INTERNAL_19_stm32f0xx_hal_adc_c_52ef8f5012ADC_DMAErrorEP19__DMA_HandleTypeDef  stm32f0xx_hal_adc.o
    0x08004b84   0x08004b84   0x0000006c   Code   RO         1647    i._ZN41_INTERNAL_19_stm32f0xx_hal_adc_c_52ef8f5015ADC_DMAConvCpltEP19__DMA_HandleTypeDef  stm32f0xx_hal_adc.o
    0x08004bf0   0x08004bf0   0x00000052   Code   RO         1648    i._ZN41_INTERNAL_19_stm32f0xx_hal_adc_c_52ef8f5018ADC_ConversionStopEP17ADC_HandleTypeDef  stm32f0xx_hal_adc.o
    0x08004c42   0x08004c42   0x00000028   Code   RO          609    i._ZN41_INTERNAL_19_stm32f0xx_hal_dma_c_c25f65ec13DMA_SetConfigEP19__DMA_HandleTypeDefjjj  stm32f0xx_hal_dma.o
    0x08004c6a   0x08004c6a   0x00000002   PAD
    0x08004c6c   0x08004c6c   0x00000024   Code   RO          610    i._ZN41_INTERNAL_19_stm32f0xx_hal_dma_c_c25f65ec23DMA_CalcBaseAndBitshiftEP19__DMA_HandleTypeDef  stm32f0xx_hal_dma.o
    0x08004c90   0x08004c90   0x00000010   Code   RO         2239    i._ZN41_INTERNAL_19_stm32f0xx_hal_tim_c_a9d95b5218TIM_ITRx_SetConfigEP11TIM_TypeDeft  stm32f0xx_hal_tim.o
    0x08004ca0   0x08004ca0   0x00000022   Code   RO         2242    i._ZN41_INTERNAL_19_stm32f0xx_hal_tim_c_a9d95b5224TIM_TI1_ConfigInputStageEP11TIM_TypeDefjj  stm32f0xx_hal_tim.o
    0x08004cc2   0x08004cc2   0x00000026   Code   RO         2243    i._ZN41_INTERNAL_19_stm32f0xx_hal_tim_c_a9d95b5224TIM_TI2_ConfigInputStageEP11TIM_TypeDefjj  stm32f0xx_hal_tim.o
    0x08004ce8   0x08004ce8   0x00000024   Code   RO          727    i._ZN41_INTERNAL_19_stm32f0xx_hal_tsc_c_c4cd125f18TSC_extract_groupsEj  stm32f0xx_hal_tsc.o
    0x08004d0c   0x08004d0c   0x00000038   Code   RO         2965    i._ZN43_INTERNAL_21_stm32f0xx_hal_flash_c_48aa8f3e18FLASH_SetErrorCodeEv  stm32f0xx_hal_flash.o
    0x08004d44   0x08004d44   0x00000020   Code   RO         2966    i._ZN43_INTERNAL_21_stm32f0xx_hal_flash_c_48aa8f3e22FLASH_Program_HalfWordEjt  stm32f0xx_hal_flash.o
    0x08004d64   0x08004d64   0x00000044   Code   RO         1031    i._ZN44_INTERNAL_22_stm32f0xx_hal_cortex_c_910ac08716NVIC_SetPriorityE9IRQn_Typej  stm32f0xx_hal_cortex.o
    0x08004da8   0x08004da8   0x00000024   Code   RO          933    i._ZN46_INTERNAL_24_stm32f0xx_hal_flash_ex_c_6648b60e15FLASH_MassEraseEv  stm32f0xx_hal_flash_ex.o
    0x08004dcc   0x08004dcc   0x00000004   Code   RO         4654    i._ZN5Alarm12execute_taskEv  alarms_events.o
    0x08004dd0   0x08004dd0   0x00000006   Code   RO         4655    i._ZN5Alarm8set_taskERPFvvE  alarms_events.o
    0x08004dd6   0x08004dd6   0x00000002   Code   RO         4725    i._ZN5AlarmD1Ev     alarms_events.o
    0x08004dd8   0x08004dd8   0x0000000e   Code   RO         3535    i._ZN5Digit8BSRR_OffEv  screen.o
    0x08004de6   0x08004de6   0x00000010   Code   RO         3547    i._ZN5DigitC1EP12GPIO_TypeDeft  screen.o
    0x08004df6   0x08004df6   0x00000004   Code   RO         4656    i._ZN5Event12execute_taskEv  alarms_events.o
    0x08004dfa   0x08004dfa   0x00000002   Code   RO         4716    i._ZN5EventD1Ev     alarms_events.o
    0x08004dfc   0x08004dfc   0x00000006   Code   RO         4657    i._ZN5EventaSERKS_  alarms_events.o
    0x08004e02   0x08004e02   0x00000010   Code   RO         3268    i._ZN6Screen8delete_pEPc  screen.o
    0x08004e12   0x08004e12   0x0000000e   Code   RO         3529    i._ZN7Segment7BSRR_OnEv  screen.o
    0x08004e20   0x08004e20   0x0000000e   Code   RO         3523    i._ZN7Segment8BSRR_OffEv  screen.o
    0x08004e2e   0x08004e2e   0x00000010   Code   RO         3541    i._ZN7SegmentC1EP12GPIO_TypeDeft  screen.o
    0x08004e3e   0x08004e3e   0x00000010   Code   RO         4796    i._ZN7Subject6attachEP8Observer  observer.o
    0x08004e4e   0x08004e4e   0x00000020   Code   RO         4798    i._ZN7Subject6notifyEv  observer.o
    0x08004e6e   0x08004e6e   0x0000001a   Code   RO         3746    i._ZN8keyboard15any_key_pressedEv  keyboard.o
    0x08004e88   0x08004e88   0x000000c8   Code   RO         3747    i._ZN8keyboard9get_stateE11SENSOR_NAME12SENSOR_STATE  keyboard.o
    0x08004f50   0x08004f50   0x0000000c   Code   RO         5074    i._ZN9Menu_BaseC2EPKc  menu.o
    0x08004f5c   0x08004f5c   0x00000094   Code   RO         4927    i._ZN9Menu_Time6actionEv  menu.o
    0x08004ff0   0x08004ff0   0x00000054   Code   RO         4928    i._ZN9Menu_Time8menu_scrEv  menu.o
    0x08005044   0x08005044   0x00000010   Code   RO         5104    i._ZN9Menu_TimeC1EPKcR10Flash_DataP9Menu_Base  menu.o
    0x08005054   0x08005054   0x00000002   Code   RO         5068    i._ZN9Menu_TimeD1Ev  menu.o
    0x08005056   0x08005056   0x00000002   PAD
    0x08005058   0x08005058   0x00000080   Code   RO         4930    i._ZN9Menu_item6actionEv  menu.o
    0x080050d8   0x080050d8   0x00000034   Code   RO         4931    i._ZN9Menu_item8menu_scrEv  menu.o
    0x0800510c   0x0800510c   0x00000048   Code   RO         5080    i._ZN9Menu_itemC1EPKchz  menu.o
    0x08005154   0x08005154   0x00000018   Code   RO         5053    i._ZN9Menu_itemD1Ev  menu.o
    0x0800516c   0x0800516c   0x00000004   Code   RO         4187    i._ZNK10Flash_Data9get_valueEv  eeprom_user.o
    0x08005170   0x08005170   0x00000004   Code   RO         4336    i._ZNK11voltage_acq11get_voltageEv  voltage_acq.o
    0x08005174   0x08005174   0x0000002c   Code   RO         4337    i._ZNK11voltage_acq18get_screen_voltageEv  voltage_acq.o
    0x080051a0   0x080051a0   0x00000008   Code   RO         5860    i._ZdaPv            cpprt_p.l(array_del.o)
    0x080051a8   0x080051a8   0x00000008   Code   RO         5867    i._ZdlPv            cpprt_p.l(delete.o)
    0x080051b0   0x080051b0   0x0000001e   Code   RO         3269    i._ZlsR6ScreenPKc   screen.o
    0x080051ce   0x080051ce   0x0000001e   Code   RO         3273    i._ZlsR6ScreenRKt   screen.o
    0x080051ec   0x080051ec   0x00000024   Code   RO         3274    i._ZlsR6ScreenSt2tm  screen.o
    0x08005210   0x08005210   0x00000008   Code   RO         5863    i._Znaj             cpprt_p.l(array_new.o)
    0x08005218   0x08005218   0x00000028   Code   RO         5870    i._Znwj             cpprt_p.l(new.o)
    0x08005240   0x08005240   0x0000001a   Code   RO          702    i.__ARM_common_switch8  stm32f0xx_hal_dma.o
    0x0800525a   0x0800525a   0x0000000a   Code   RO         5874    i.__cxa_pure_virtual  cpprt_p.l(pure_virt.o)
    0x08005264   0x08005264   0x000000e8   Code   RO         3275    i.__sti___10_Screen_cpp_scr  screen.o
    0x0800534c   0x0800534c   0x000000c0   Code   RO         4188    i.__sti___15_eeprom_user_cpp_93c2cf2d  eeprom_user.o
    0x0800540c   0x0800540c   0x000000a4   Code   RO         4658    i.__sti___17_alarms_events_cpp_5ed0bfbf  alarms_events.o
    0x080054b0   0x080054b0   0x00000038   Code   RO         4421    i.__sti___17_voltage_relay_cpp_vptr  voltage_relay.o
    0x080054e8   0x080054e8   0x0000003c   Code   RO         4578    i.__sti___22_main_state_machine_cpp_c044dce6  main_state_machine.o
    0x08005524   0x08005524   0x00000014   Code   RO         4106    i.__sti___8_eeprom_c_DataVar  eeprom.o
    0x08005538   0x08005538   0x00000150   Code   RO         4932    i.__sti___8_menu_cpp_6e0c3973  menu.o
    0x08005688   0x08005688   0x00000080   Code   RO         5180    i.arm_fir_f32       arm_fir_f32.o
    0x08005708   0x08005708   0x0000001c   Code   RO         5217    i.arm_fir_init_f32  arm_fir_init_f32.o
    0x08005724   0x08005724   0x000000a8   Code   RO         4838    i.main              main_1.o
    0x080057cc   0x080057cc   0x0000002c   Code   RO         6007    i.sqrtf             m_ps.l(sqrtf.o)
    0x080057f8   0x080057f8   0x00000018   Code   RO         4758    t._ZN11Event_CheckI13voltage_relayMS0_FvvEE12execute_taskEv  alarms_events.o
    0x08005810   0x08005810   0x00000002   Code   RO         4740    t._ZN11Event_CheckI13voltage_relayMS0_FvvEED1Ev  alarms_events.o
    0x08005812   0x08005812   0x0000000a   Code   RO         4616    t._ZN5StackIP14OPERATION_BASEE3getEv  main_state_machine.o
    0x0800581c   0x0800581c   0x0000008c   Code   RO         5989    x$fpl$fadd          fz_ps.l(faddsub.o)
    0x080058a8   0x080058a8   0x000000b0   Code   RO         6002    x$fpl$fmul          fz_ps.l(fmul.o)
    0x08005958   0x08005958   0x000000d0   Code   RO         5991    x$fpl$fsub          fz_ps.l(faddsub.o)
    0x08005a28   0x08005a28   0x00000000   Code   RO         6186    x$fpl$usenofp       fz_ps.l(usenofp.o)
    0x08005a28   0x08005a28   0x00000010   Data   RO         3070    .constdata          system_stm32f0xx.o
    0x08005a38   0x08005a38   0x0000003c   Data   RO         3666    .constdata          tsl_user.o
    0x08005a74   0x08005a74   0x0000000a   Data   RO         3667    .constdata          tsl_user.o
    0x08005a7e   0x08005a7e   0x00000002   PAD
    0x08005a80   0x08005a80   0x00000078   Data   RO         3668    .constdata          tsl_user.o
    0x08005af8   0x08005af8   0x000000a0   Data   RO         3669    .constdata          tsl_user.o
    0x08005b98   0x08005b98   0x00000008   Data   RO         3670    .constdata          tsl_user.o
    0x08005ba0   0x08005ba0   0x00000064   Data   RO         3671    .constdata          tsl_user.o
    0x08005c04   0x08005c04   0x00000028   Data   RO         3672    .constdata          tsl_user.o
    0x08005c2c   0x08005c2c   0x00000040   Data   RO         5996    .constdata          fz_ps.l(fdiv.o)
    0x08005c6c   0x08005c6c   0x00000018   Data   RO         5052    .constdata__ZTV10Menu_Error  menu.o
    0x08005c84   0x08005c84   0x00000014   Data   RO         4747    .constdata__ZTV11Event_CheckI13voltage_relayMS0_FvvEE  alarms_events.o
    0x08005c98   0x08005c98   0x00000018   Data   RO         5045    .constdata__ZTV13Menu_flash_rw  menu.o
    0x08005cb0   0x08005cb0   0x0000000c   Data   RO         4501    .constdata__ZTV13voltage_relay  voltage_relay.o
    0x08005cbc   0x08005cbc   0x00000014   Data   RO         4713    .constdata__ZTV18Event_EEprom_Write  alarms_events.o
    0x08005cd0   0x08005cd0   0x00000018   Data   RO         5047    .constdata__ZTV18Menu_Voltage_Relay  menu.o
    0x08005ce8   0x08005ce8   0x00000014   Data   RO         4715    .constdata__ZTV5Alarm  alarms_events.o
    0x08005cfc   0x08005cfc   0x00000014   Data   RO         4711    .constdata__ZTV5Event  alarms_events.o
    0x08005d10   0x08005d10   0x00000018   Data   RO         5117    .constdata__ZTV9Menu_Base  menu.o
    0x08005d28   0x08005d28   0x00000018   Data   RO         5050    .constdata__ZTV9Menu_Time  menu.o
    0x08005d40   0x08005d40   0x00000018   Data   RO         5041    .constdata__ZTV9Menu_item  menu.o
    0x08005d58   0x08005d58   0x00000001   Data   RO         5048    .constdata__ZZN18Menu_Voltage_RelayC1ER13voltage_relayP9Menu_BaseEs  menu.o
    0x08005d59   0x08005d59   0x00000003   PAD
    0x08005d5c   0x08005d5c   0x00000020   Data   RO         6435    Region$$Table       anon$$obj.o
    0x08005d7c   0x08005d7c   0x00000004   Data   RO         3318    .init_array         screen.o
    0x08005d80   0x08005d7c   0x00000004   Data   RO         4118    .init_array         eeprom.o
    0x08005d84   0x08005d7c   0x00000004   Data   RO         4202    .init_array         eeprom_user.o
    0x08005d88   0x08005d7c   0x00000004   Data   RO         4439    .init_array         voltage_relay.o
    0x08005d8c   0x08005d7c   0x00000004   Data   RO         4584    .init_array         main_state_machine.o
    0x08005d90   0x08005d7c   0x00000004   Data   RO         4669    .init_array         alarms_events.o
    0x08005d94   0x08005d7c   0x00000004   Data   RO         4955    .init_array         menu.o
    0x08005d98   0x08005d7c   0x00000000   Data   RO         5855    .init_array         c_p.l(init_aeabi.o)


    Execution Region RW_IRAM1 (Exec base: 0x20000000, Load base: 0x08005d98, Size: 0x00001380, Max: 0x00004000, ABSOLUTE, COMPRESSED[0x000000d4])

    Exec Addr    Load Addr    Size         Type   Attr      Idx    E Section Name        Object

    0x20000000   COMPRESSED   0x00000004   Data   RW         1965    .data               stm32f0xx_hal.o
    0x20000004   COMPRESSED   0x00000004   Data   RW         3072    .data               system_stm32f0xx.o
    0x20000008   COMPRESSED   0x000001a0   Data   RW         3317    .data               screen.o
    0x200001a8   COMPRESSED   0x00000020   Data   RW         3673    .data               tsl_user.o
    0x200001c8   COMPRESSED   0x00000010   Data   RW         3674    .data               tsl_user.o
    0x200001d8   COMPRESSED   0x00000004   Data   RW         3675    .data               tsl_user.o
    0x200001dc   COMPRESSED   0x00000016   Data   RW         4117    .data               eeprom.o
    0x200001f2   COMPRESSED   0x00000002   PAD
    0x200001f4   COMPRESSED   0x00000004   Data   RW         4200    .data               eeprom_user.o
    0x200001f8   COMPRESSED   0x00000004   Data   RW         4201    .data               eeprom_user.o
    0x200001fc   COMPRESSED   0x00000024   Data   RW         4346    .data               voltage_acq.o
    0x20000220   COMPRESSED   0x00000001   Data   RW         4347    .data               voltage_acq.o
    0x20000221   COMPRESSED   0x00000003   PAD
    0x20000224   COMPRESSED   0x00000008   Data   RW         4436    .data               voltage_relay.o
    0x2000022c   COMPRESSED   0x00000018   Data   RW         4437    .data               voltage_relay.o
    0x20000244   COMPRESSED   0x00000004   Data   RW         4438    .data               voltage_relay.o
    0x20000248   COMPRESSED   0x00000004   Data   RW         4583    .data               main_state_machine.o
    0x2000024c   COMPRESSED   0x00000018   Data   RW         4668    .data               alarms_events.o
    0x20000264   COMPRESSED   0x00000004   Data   RW         4851    .data               main_1.o
    0x20000268   COMPRESSED   0x00000004   Data   RW         4952    .data               menu.o
    0x2000026c   COMPRESSED   0x00000010   Data   RW         4954    .data               menu.o
    0x2000027c   COMPRESSED   0x00000004   Data   RW         5326    .data               tsl_acq_stm32f0xx.o
    0x20000280   COMPRESSED   0x00000002   Data   RW         5564    .data               tsl_time.o
    0x20000282   COMPRESSED   0x00000002   Data   RW         5665    .data               tsl_touchkey.o
    0x20000284   COMPRESSED   0x00000004   PAD
    0x20000288        -       0x00000020   Zero   RW         2981    .bss                stm32f0xx_hal_flash.o
    0x200002a8        -       0x0000002c   Zero   RW         3108    .bss                help.o
    0x200002d4        -       0x00000020   Zero   RW         3316    .bss                screen.o
    0x200002f4        -       0x0000003c   Zero   RW         3663    .bss                tsl_user.o
    0x20000330        -       0x00000028   Zero   RW         3664    .bss                tsl_user.o
    0x20000358        -       0x00000032   Zero   RW         3665    .bss                tsl_user.o
    0x2000038a   COMPRESSED   0x00000002   PAD
    0x2000038c        -       0x00000018   Zero   RW         3750    .bss                keyboard.o
    0x200003a4        -       0x00000046   Zero   RW         4199    .bss                eeprom_user.o
    0x200003ea   COMPRESSED   0x00000002   PAD
    0x200003ec        -       0x00000050   Zero   RW         4345    .bss                voltage_acq.o
    0x2000043c        -       0x00000020   Zero   RW         4435    .bss                voltage_relay.o
    0x2000045c        -       0x00000020   Zero   RW         4667    .bss                alarms_events.o
    0x2000047c        -       0x00000118   Zero   RW         4849    .bss                main_1.o
    0x20000594        -       0x00000048   Zero   RW         4850    .bss                main_1.o
    0x200005dc        -       0x00000130   Zero   RW         4951    .bss                menu.o
    0x2000070c        -       0x00000014   Zero   RW         5488    .bss                tsl_globals.o
    0x20000720        -       0x00000060   Zero   RW         6188    .bss                c_p.l(libspace.o)
    0x20000780        -       0x00000400   Zero   RW         5237    HEAP                startup_stm32f071xb.o
    0x20000b80        -       0x00000800   Zero   RW         5236    STACK               startup_stm32f071xb.o


==============================================================================

Image component sizes


      Code (inc. data)   RO Data    RW Data    ZI Data      Debug   Object Name

       236         56         84         24         32      10703   alarms_events.o
       128          0          0          0          0      17774   arm_fir_f32.o
        28          0          0          0          0       1203   arm_fir_init_f32.o
      1032        104          4         22          0      10269   eeprom.o
       580         58          4          8         70      30971   eeprom_user.o
        82          0          0          0         44     345713   help.o
       226          6          0          0         24       2359   keyboard.o
       958        166          0          4        352       8109   main_1.o
       202         26          4          4          0       6608   main_state_machine.o
      1388        198        149         20        304      16780   menu.o
        48          0          0          0          0        996   observer.o
      1972        188          4        416         32      27134   screen.o
        56         26        188          0       3072        612   startup_stm32f071xb.o
        94         18          0          4          0       3191   stm32f0xx_hal.o
      1432         50          0          0          0       9812   stm32f0xx_hal_adc.o
       168          0          0          0          0       1430   stm32f0xx_hal_adc_ex.o
       178         28          0          0          0      10687   stm32f0xx_hal_cortex.o
       480         16          0          0          0       4903   stm32f0xx_hal_dma.o
       348         54          0          0         32       4902   stm32f0xx_hal_flash.o
       232         30          0          0          0       3225   stm32f0xx_hal_flash_ex.o
       352         28          0          0          0       2444   stm32f0xx_hal_gpio.o
         0          0          0          0          0     343772   stm32f0xx_hal_i2c.o
       428         78          0          0          0       2956   stm32f0xx_hal_msp.o
       120         14          0          0          0       1696   stm32f0xx_hal_pwr_ex.o
      1468         86          0          0          0       4738   stm32f0xx_hal_rcc.o
       966         28          0          0          0      10492   stm32f0xx_hal_tim.o
        74          0          0          0          0       2458   stm32f0xx_hal_tim_ex.o
       336          0          0          0          0       4318   stm32f0xx_hal_tsc.o
       236         66          0          0          0      33638   stm32f0xx_it.o
        92         16         16          4          0       1215   system_stm32f0xx.o
        24          4          0          0          0        959   tsl.o
       304          8          0          0          0       1988   tsl_acq.o
       234         38          0          4          0       7805   tsl_acq_stm32f0xx.o
         2          0          0          0          0       1391   tsl_dxs.o
       440         20          0          0          0       4649   tsl_ecs.o
         0          0          0          0         20       1007   tsl_globals.o
       208         16          0          0          0       2578   tsl_object.o
       172         24          0          2          0       1914   tsl_time.o
        76         16          0          0          0       7119   tsl_time_stm32f0xx.o
      1760        110          0          2          0      13583   tsl_touchkey.o
       186         26        498         52        150       4518   tsl_user.o
       248         16          0         37         80       6782   voltage_acq.o
       750        114         16         36         32      18998   voltage_relay.o

    ----------------------------------------------------------------------
     18378       1732       1004        644       4252     998399   Object Totals
         0          0         32          0          0          0   (incl. Generated)
        34          0          5          5          8          0   (incl. Padding)

    ----------------------------------------------------------------------

      Code (inc. data)   RO Data    RW Data    ZI Data      Debug   Library Member Name

        86          0          0          0          0          0   __dczerorl2.o
         8          0          0          0          0         68   __main.o
         0          0          0          0          0          0   __rtentry.o
        12          0          0          0          0          0   __rtentry2.o
         6          0          0          0          0          0   __rtentry4.o
        60          8          0          0          0          0   __scatter.o
        28          0          0          0          0          0   __scatter_zi.o
        22          0          0          0          0         92   _rserrno.o
        20          0          0          0          0         68   abort.o
        42          0          0          0          0         76   aeabi_atexit.o
       346          0          0          0          0         92   aeabi_sdiv.o
        66          0          0          0          0         76   cxa_finalize.o
        48         34          0          0          0         68   defsig_abrt_inner.o
        12          0          0          0          0         68   defsig_abrt_outer.o
        12          0          0          0          0         68   defsig_exit.o
        52          0          0          0          0         72   defsig_general.o
        48         34          0          0          0         68   defsig_pvfn_inner.o
        12          0          0          0          0         68   defsig_pvfn_outer.o
        80         58          0          0          0         68   defsig_rtmem_inner.o
        12          0          0          0          0         68   defsig_rtmem_outer.o
        16          0          0          0          0         68   exit.o
        98          0          0          0          0         72   h1_alloc.o
        52          0          0          0          0         68   h1_extend.o
        76          0          0          0          0         72   h1_free.o
        14          0          0          0          0         76   h1_init.o
         6          0          0          0          0        136   heapauxi.o
         4          0          0          0          0        120   hguard.o
         0          0          0          0          0          0   indicate_semi.o
        36         10          0          0          0         72   init_aeabi.o
       136          0          0          0          0        160   init_alloc.o
         2          0          0          0          0          0   libinit.o
        14          0          0          0          0          0   libinit2.o
         2          0          0          0          0          0   libshutdown.o
         8          0          0          0          0          0   libshutdown2.o
         8          4          0          0         96         68   libspace.o
        34          0          0          0          0         68   llushr.o
         0          0          0          0          0          0   maybetermalloc1.o
         8          4          0          0          0         68   rt_ddtor_pointer_addr_intlibspace.o
         8          4          0          0          0         68   rt_eh_globals_addr_intlibspace.o
         8          4          0          0          0         68   rt_errno_addr_intlibspace.o
         8          4          0          0          0         68   rt_heap_descriptor_intlibspace.o
        64          0          0          0          0        108   rt_memclr.o
       186          0          0          0          0        144   rt_memcpy.o
       150          0          0          0          0        104   rt_memmove.o
         8          4          0          0          0         68   rt_new_handler_addr_intlibspace.o
         2          0          0          0          0          0   rtexit.o
        10          0          0          0          0          0   rtexit2.o
        68          6          0          0          0         72   strlen.o
       160          6          0          0          0         76   strncmp.o
        12          4          0          0          0         60   sys_exit.o
        62          0          0          0          0         80   sys_stackheap_outer.o
        12          0          0          0          0         68   sys_wrch.o
         2          0          0          0          0         68   use_no_semi.o
        84         12          0          0          0         96   arm_exceptions_globs.o
        66          0          0          0          0        100   arm_exceptions_mem.o
        28          0          0          0          0         68   arm_exceptions_terminate.o
         8          0          0          0          0         68   arm_newhandler_noexceptions.o
         8          0          0          0          0         68   array_del.o
         8          0          0          0          0         68   array_new.o
         8          0          0          0          0         68   delete.o
        40          4          0          0          0         68   new.o
        10          0          0          0          0         68   pure_virt.o
       124          4          0          0          0         72   d2f.o
       584         26          0          0          0         84   dmul.o
        84          4          0          0          0         60   f2d.o
       348          8          0          0          0        160   faddsub.o
       352         10         64          0          0         92   fdiv.o
        48          0          0          0          0         60   ffixui.o
        94          0          0          0          0         92   fflti.o
       176          4          0          0          0         80   fmul.o
       144          4          0          0          0         72   fsqrt.o
         0          0          0          0          0          0   usenofp.o
        44          0          0          0          0         72   sqrtf.o

    ----------------------------------------------------------------------
      4514        260         64          0         96       4636   Library Totals
        10          0          0          0          0          0   (incl. Padding)

    ----------------------------------------------------------------------

      Code (inc. data)   RO Data    RW Data    ZI Data      Debug   Library Name

      2246        184          0          0         96       3120   c_p.l
       260         16          0          0          0        672   cpprt_p.l
      1954         60         64          0          0        772   fz_ps.l
        44          0          0          0          0         72   m_ps.l

    ----------------------------------------------------------------------
      4514        260         64          0         96       4636   Library Totals

    ----------------------------------------------------------------------

==============================================================================


      Code (inc. data)   RO Data    RW Data    ZI Data      Debug   

     22892       1992       1068        644       4348     988743   Grand Totals
     22892       1992       1068        212       4348     988743   ELF Image Totals (compressed)
     22892       1992       1068        212          0          0   ROM Totals

==============================================================================

    Total RO  Size (Code + RO Data)                23960 (  23.40kB)
    Total RW  Size (RW Data + ZI Data)              4992 (   4.88kB)
    Total ROM Size (Code + RO Data + RW Data)      24172 (  23.61kB)

==============================================================================

